<html>
<body>
<pre>
<h1>礦ision Build Log</h1>
<h2>Tool Versions:</h2>
IDE-Version: μVision V5.26.2.0
Copyright (C) 2018 ARM Ltd and ARM Germany GmbH. All rights reserved.
License Information: 1234 1234, 1234, LIC=65III-TU9GB-YV71Y-I5TPP-2ZWP9-HCWG9
 
Tool Versions:
Toolchain:       MDK-ARM Plus  Version: 5.26.2.0
Toolchain Path:  E:\Program Files\Keil\MDK 5.26\ARM\ARMCC\Bin
C Compiler:      Armcc.exe V5.06 update 6 (build 750)
Assembler:       Armasm.exe V5.06 update 6 (build 750)
Linker/Locator:  ArmLink.exe V5.06 update 6 (build 750)
Library Manager: ArmAr.exe V5.06 update 6 (build 750)
Hex Converter:   FromElf.exe V5.06 update 6 (build 750)
CPU DLL:         SARMCM3.DLL V5.26.2.0
Dialog DLL:      DCM.DLL V1.17.2.0
Target DLL:      STLink\ST-LINKIII-KEIL_SWO.dll V3.0.5.0
Dialog DLL:      TCM.DLL V1.36.1.0
 
<h2>Project:</h2>
G:\项目\IR红外成像(32x24)\资料\MLX90640 Module data for ENG\IR_MLX_F401 Code\MDK-ARM\IR_MLX_F401.uvprojx
Project File Date:  12/12/2018

<h2>Output:</h2>
*** Using Compiler 'V5.06 update 6 (build 750)', folder: 'E:\Program Files\Keil\MDK 5.26\ARM\ARMCC\Bin'
Rebuild target 'IR_MLX_F401'
assembling startup_stm32f401xc.s...
compiling main.c...
..\My_lib\USART\USART.h(21): warning:  #1-D: last line of file ends without a newline
  #endif
../Src/main.c: 1 warning, 0 errors
compiling stm32f4xx_hal_msp.c...
..\My_lib\USART\USART.h(21): warning:  #1-D: last line of file ends without a newline
  #endif
../Src/stm32f4xx_hal_msp.c: 1 warning, 0 errors
compiling stm32f4xx_it.c...
compiling stm32f4xx_hal_tim.c...
compiling stm32f4xx_hal_tim_ex.c...
compiling stm32f4xx_hal_uart.c...
compiling stm32f4xx_hal_rcc.c...
compiling stm32f4xx_hal_rcc_ex.c...
compiling stm32f4xx_hal_flash.c...
compiling stm32f4xx_hal_flash_ex.c...
compiling stm32f4xx_hal_flash_ramfunc.c...
compiling stm32f4xx_hal_gpio.c...
compiling stm32f4xx_hal_dma.c...
compiling stm32f4xx_hal_dma_ex.c...
compiling stm32f4xx_hal_pwr.c...
compiling stm32f4xx_hal_cortex.c...
compiling stm32f4xx_hal.c...
compiling stm32f4xx_hal_pwr_ex.c...
compiling system_stm32f4xx.c...
compiling delay.c...
compiling USART.c...
..\My_lib\USART\USART.h(21): warning:  #1-D: last line of file ends without a newline
  #endif
..\My_lib\USART\USART.c: 1 warning, 0 errors
compiling MLX90640_SWI2C_Driver.c...
compiling MLX90640_API.c...
..\My_lib\MLX90640\MLX90640_API.c(1183): warning:  #1-D: last line of file ends without a newline
   }        
..\My_lib\MLX90640\MLX90640_API.c: 1 warning, 0 errors
linking...
Program Size: Code=20808 RO-data=628 RW-data=36 ZI-data=26920  
FromELF: creating hex file...
"IR_MLX_F401\IR_MLX_F401.axf" - 0 Error(s), 4 Warning(s).

<h2>Software Packages used:</h2>

Package Vendor: ARM
                http://www.keil.com/pack/ARM.CMSIS.5.4.0.pack
                ARM.CMSIS.5.4.0
                CMSIS (Cortex Microcontroller Software Interface Standard)
   * Component: CORE Version: 5.1.2

Package Vendor: Keil
                http://www.keil.com/pack/Keil.STM32F4xx_DFP.2.13.0.pack
                Keil.STM32F4xx_DFP.2.13.0
                STMicroelectronics STM32F4 Series Device Support, Drivers and Examples

<h2>Collection of Component include folders:</h2>
  .\RTE\_IR_MLX_F401
  E:\Program Files\Keil\MDK 5.26\ARM\PACK\ARM\CMSIS\5.4.0\CMSIS\Core\Include
  E:\Program Files\Keil\MDK 5.26\ARM\PACK\Keil\STM32F4xx_DFP\2.13.0\Drivers\CMSIS\Device\ST\STM32F4xx\Include

<h2>Collection of Component Files used:</h2>

   * Component: ARM::CMSIS:CORE:5.1.2
Build Time Elapsed:  00:00:31
</pre>
</body>
</html>
