Component: ARM Compiler 5.06 update 6 (build 750) Tool: armlink [4d35ed]

==============================================================================

Section Cross References

    startup_stm32f401xc.o(RESET) refers to startup_stm32f401xc.o(STACK) for __initial_sp
    startup_stm32f401xc.o(RESET) refers to startup_stm32f401xc.o(.text) for Reset_Handler
    startup_stm32f401xc.o(RESET) refers to stm32f4xx_it.o(i.NMI_Handler) for NMI_Handler
    startup_stm32f401xc.o(RESET) refers to stm32f4xx_it.o(i.HardFault_Handler) for HardFault_Handler
    startup_stm32f401xc.o(RESET) refers to stm32f4xx_it.o(i.MemManage_Handler) for MemManage_Handler
    startup_stm32f401xc.o(RESET) refers to stm32f4xx_it.o(i.BusFault_Handler) for BusFault_Handler
    startup_stm32f401xc.o(RESET) refers to stm32f4xx_it.o(i.UsageFault_Handler) for UsageFault_Handler
    startup_stm32f401xc.o(RESET) refers to stm32f4xx_it.o(i.SVC_Handler) for SVC_Handler
    startup_stm32f401xc.o(RESET) refers to stm32f4xx_it.o(i.DebugMon_Handler) for DebugMon_Handler
    startup_stm32f401xc.o(RESET) refers to stm32f4xx_it.o(i.PendSV_Handler) for PendSV_Handler
    startup_stm32f401xc.o(RESET) refers to stm32f4xx_it.o(i.SysTick_Handler) for SysTick_Handler
    startup_stm32f401xc.o(RESET) refers to stm32f4xx_it.o(i.DMA2_Stream7_IRQHandler) for DMA2_Stream7_IRQHandler
    startup_stm32f401xc.o(.text) refers to system_stm32f4xx.o(i.SystemInit) for SystemInit
    startup_stm32f401xc.o(.text) refers to entry.o(.ARM.Collect$$$$00000000) for __main
    main.o(i.All_Init) refers to stm32f4xx_hal.o(i.HAL_Init) for HAL_Init
    main.o(i.All_Init) refers to main.o(i.SystemClock_Config) for SystemClock_Config
    main.o(i.All_Init) refers to delay.o(i.Delay_Init) for Delay_Init
    main.o(i.All_Init) refers to main.o(i.MX_GPIO_Init) for MX_GPIO_Init
    main.o(i.All_Init) refers to usart.o(i.uart_init) for uart_init
    main.o(i.MX_GPIO_Init) refers to stm32f4xx_hal_gpio.o(i.HAL_GPIO_WritePin) for HAL_GPIO_WritePin
    main.o(i.MX_GPIO_Init) refers to stm32f4xx_hal_gpio.o(i.HAL_GPIO_Init) for HAL_GPIO_Init
    main.o(i.SystemClock_Config) refers to stm32f4xx_hal_rcc.o(i.HAL_RCC_OscConfig) for HAL_RCC_OscConfig
    main.o(i.SystemClock_Config) refers to main.o(i._Error_Handler) for _Error_Handler
    main.o(i.SystemClock_Config) refers to stm32f4xx_hal_rcc.o(i.HAL_RCC_ClockConfig) for HAL_RCC_ClockConfig
    main.o(i.SystemClock_Config) refers to stm32f4xx_hal_rcc.o(i.HAL_RCC_GetHCLKFreq) for HAL_RCC_GetHCLKFreq
    main.o(i.SystemClock_Config) refers to stm32f4xx_hal_cortex.o(i.HAL_SYSTICK_Config) for HAL_SYSTICK_Config
    main.o(i.SystemClock_Config) refers to stm32f4xx_hal_cortex.o(i.HAL_SYSTICK_CLKSourceConfig) for HAL_SYSTICK_CLKSourceConfig
    main.o(i.SystemClock_Config) refers to stm32f4xx_hal_cortex.o(i.HAL_NVIC_SetPriority) for HAL_NVIC_SetPriority
    main.o(i.main) refers to main.o(i.All_Init) for All_Init
    main.o(i.main) refers to mlx90640_api.o(i.MLX90640_SetRefreshRate) for MLX90640_SetRefreshRate
    main.o(i.main) refers to mlx90640_api.o(i.MLX90640_SetChessMode) for MLX90640_SetChessMode
    main.o(i.main) refers to mlx90640_api.o(i.MLX90640_DumpEE) for MLX90640_DumpEE
    main.o(i.main) refers to mlx90640_api.o(i.MLX90640_ExtractParameters) for MLX90640_ExtractParameters
    main.o(i.main) refers to mlx90640_api.o(i.MLX90640_GetFrameData) for MLX90640_GetFrameData
    main.o(i.main) refers to delay.o(i.delay_ms) for delay_ms
    main.o(i.main) refers to stm32f4xx_hal_uart.o(i.HAL_UART_Transmit_DMA) for HAL_UART_Transmit_DMA
    main.o(i.main) refers to mlx90640_api.o(i.MLX90640_GetTa) for MLX90640_GetTa
    main.o(i.main) refers to mlx90640_api.o(RAMCODE) for MLX90640_CalculateTo
    main.o(i.main) refers to usart.o(.bss) for UsartBuff
    main.o(i.main) refers to main.o(.bss) for eeMLX90640
    stm32f4xx_it.o(i.SysTick_Handler) refers to stm32f4xx_hal.o(i.HAL_IncTick) for HAL_IncTick
    stm32f4xx_it.o(i.SysTick_Handler) refers to stm32f4xx_hal_cortex.o(i.HAL_SYSTICK_IRQHandler) for HAL_SYSTICK_IRQHandler
    stm32f4xx_hal_msp.o(i.HAL_MspInit) refers to stm32f4xx_hal_cortex.o(i.HAL_NVIC_SetPriorityGrouping) for HAL_NVIC_SetPriorityGrouping
    stm32f4xx_hal_msp.o(i.HAL_MspInit) refers to stm32f4xx_hal_cortex.o(i.HAL_NVIC_SetPriority) for HAL_NVIC_SetPriority
    stm32f4xx_hal_msp.o(i.HAL_UART_MspDeInit) refers to stm32f4xx_hal_gpio.o(i.HAL_GPIO_DeInit) for HAL_GPIO_DeInit
    stm32f4xx_hal_msp.o(i.HAL_UART_MspDeInit) refers to stm32f4xx_hal_dma.o(i.HAL_DMA_DeInit) for HAL_DMA_DeInit
    stm32f4xx_hal_msp.o(i.HAL_UART_MspInit) refers to stm32f4xx_hal_gpio.o(i.HAL_GPIO_Init) for HAL_GPIO_Init
    stm32f4xx_hal_uart.o(i.HAL_HalfDuplex_Init) refers to stm32f4xx_hal_msp.o(i.HAL_UART_MspInit) for HAL_UART_MspInit
    stm32f4xx_hal_uart.o(i.HAL_HalfDuplex_Init) refers to stm32f4xx_hal_uart.o(i.UART_SetConfig) for UART_SetConfig
    stm32f4xx_hal_uart.o(i.HAL_LIN_Init) refers to stm32f4xx_hal_msp.o(i.HAL_UART_MspInit) for HAL_UART_MspInit
[...]
    Removing stm32f4xx_hal_uart.o(i.UART_DMARxOnlyAbortCallback), (24 bytes).
    Removing stm32f4xx_hal_uart.o(i.UART_DMATxAbortCallback), (52 bytes).
    Removing stm32f4xx_hal_uart.o(i.UART_DMATxOnlyAbortCallback), (24 bytes).
    Removing stm32f4xx_hal_uart.o(i.UART_EndTransmit_IT), (32 bytes).
    Removing stm32f4xx_hal_uart.o(i.UART_Receive_IT), (154 bytes).
    Removing stm32f4xx_hal_uart.o(i.UART_Transmit_IT), (104 bytes).
    Removing stm32f4xx_hal_uart.o(i.UART_WaitOnFlagUntilTimeout), (108 bytes).
    Removing stm32f4xx_hal_rcc.o(.rev16_text), (4 bytes).
    Removing stm32f4xx_hal_rcc.o(.revsh_text), (4 bytes).
    Removing stm32f4xx_hal_rcc.o(.rrx_text), (6 bytes).
    Removing stm32f4xx_hal_rcc.o(i.HAL_RCC_CSSCallback), (2 bytes).
    Removing stm32f4xx_hal_rcc.o(i.HAL_RCC_DeInit), (4 bytes).
    Removing stm32f4xx_hal_rcc.o(i.HAL_RCC_DisableCSS), (12 bytes).
    Removing stm32f4xx_hal_rcc.o(i.HAL_RCC_EnableCSS), (12 bytes).
    Removing stm32f4xx_hal_rcc.o(i.HAL_RCC_GetClockConfig), (68 bytes).
    Removing stm32f4xx_hal_rcc.o(i.HAL_RCC_GetOscConfig), (244 bytes).
    Removing stm32f4xx_hal_rcc.o(i.HAL_RCC_MCOConfig), (192 bytes).
    Removing stm32f4xx_hal_rcc.o(i.HAL_RCC_NMI_IRQHandler), (32 bytes).
    Removing stm32f4xx_hal_rcc_ex.o(.rev16_text), (4 bytes).
    Removing stm32f4xx_hal_rcc_ex.o(.revsh_text), (4 bytes).
    Removing stm32f4xx_hal_rcc_ex.o(.rrx_text), (6 bytes).
    Removing stm32f4xx_hal_rcc_ex.o(i.HAL_RCCEx_DisablePLLI2S), (56 bytes).
    Removing stm32f4xx_hal_rcc_ex.o(i.HAL_RCCEx_EnablePLLI2S), (112 bytes).
    Removing stm32f4xx_hal_rcc_ex.o(i.HAL_RCCEx_GetPeriphCLKConfig), (76 bytes).
    Removing stm32f4xx_hal_rcc_ex.o(i.HAL_RCCEx_GetPeriphCLKFreq), (144 bytes).
    Removing stm32f4xx_hal_rcc_ex.o(i.HAL_RCCEx_PeriphCLKConfig), (436 bytes).
    Removing stm32f4xx_hal_rcc_ex.o(i.HAL_RCC_DeInit), (376 bytes).
    Removing stm32f4xx_hal_flash.o(.rev16_text), (4 bytes).
    Removing stm32f4xx_hal_flash.o(.revsh_text), (4 bytes).
    Removing stm32f4xx_hal_flash.o(.rrx_text), (6 bytes).
    Removing stm32f4xx_hal_flash.o(i.FLASH_Program_Byte), (36 bytes).
    Removing stm32f4xx_hal_flash.o(i.FLASH_Program_DoubleWord), (44 bytes).
    Removing stm32f4xx_hal_flash.o(i.FLASH_Program_HalfWord), (40 bytes).
    Removing stm32f4xx_hal_flash.o(i.FLASH_Program_Word), (40 bytes).
    Removing stm32f4xx_hal_flash.o(i.FLASH_SetErrorCode), (180 bytes).
    Removing stm32f4xx_hal_flash.o(i.FLASH_WaitForLastOperation), (100 bytes).
    Removing stm32f4xx_hal_flash.o(i.HAL_FLASH_EndOfOperationCallback), (2 bytes).
    Removing stm32f4xx_hal_flash.o(i.HAL_FLASH_GetError), (12 bytes).
    Removing stm32f4xx_hal_flash.o(i.HAL_FLASH_IRQHandler), (272 bytes).
    Removing stm32f4xx_hal_flash.o(i.HAL_FLASH_Lock), (20 bytes).
    Removing stm32f4xx_hal_flash.o(i.HAL_FLASH_OB_Launch), (28 bytes).
    Removing stm32f4xx_hal_flash.o(i.HAL_FLASH_OB_Lock), (20 bytes).
    Removing stm32f4xx_hal_flash.o(i.HAL_FLASH_OB_Unlock), (44 bytes).
    Removing stm32f4xx_hal_flash.o(i.HAL_FLASH_OperationErrorCallback), (2 bytes).
    Removing stm32f4xx_hal_flash.o(i.HAL_FLASH_Program), (152 bytes).
    Removing stm32f4xx_hal_flash.o(i.HAL_FLASH_Program_IT), (136 bytes).
    Removing stm32f4xx_hal_flash.o(i.HAL_FLASH_Unlock), (52 bytes).
    Removing stm32f4xx_hal_flash.o(.bss), (32 bytes).
    Removing stm32f4xx_hal_flash_ex.o(.rev16_text), (4 bytes).
    Removing stm32f4xx_hal_flash_ex.o(.revsh_text), (4 bytes).
    Removing stm32f4xx_hal_flash_ex.o(.rrx_text), (6 bytes).
    Removing stm32f4xx_hal_flash_ex.o(i.FLASH_Erase_Sector), (92 bytes).
    Removing stm32f4xx_hal_flash_ex.o(i.FLASH_FlushCaches), (120 bytes).
    Removing stm32f4xx_hal_flash_ex.o(i.FLASH_MassErase), (48 bytes).
    Removing stm32f4xx_hal_flash_ex.o(i.FLASH_OB_BOR_LevelConfig), (32 bytes).
    Removing stm32f4xx_hal_flash_ex.o(i.FLASH_OB_DisablePCROP), (36 bytes).
    Removing stm32f4xx_hal_flash_ex.o(i.FLASH_OB_DisableWRP), (40 bytes).
    Removing stm32f4xx_hal_flash_ex.o(i.FLASH_OB_EnablePCROP), (40 bytes).
    Removing stm32f4xx_hal_flash_ex.o(i.FLASH_OB_EnableWRP), (40 bytes).
    Removing stm32f4xx_hal_flash_ex.o(i.FLASH_OB_GetBOR), (16 bytes).
    Removing stm32f4xx_hal_flash_ex.o(i.FLASH_OB_GetRDP), (36 bytes).
    Removing stm32f4xx_hal_flash_ex.o(i.FLASH_OB_GetUser), (16 bytes).
    Removing stm32f4xx_hal_flash_ex.o(i.FLASH_OB_GetWRP), (12 bytes).
    Removing stm32f4xx_hal_flash_ex.o(i.FLASH_OB_RDP_LevelConfig), (32 bytes).
    Removing stm32f4xx_hal_flash_ex.o(i.FLASH_OB_UserConfig), (60 bytes).
    Removing stm32f4xx_hal_flash_ex.o(i.HAL_FLASHEx_AdvOBGetConfig), (12 bytes).
    Removing stm32f4xx_hal_flash_ex.o(i.HAL_FLASHEx_AdvOBProgram), (42 bytes).
    Removing stm32f4xx_hal_flash_ex.o(i.HAL_FLASHEx_Erase), (172 bytes).
    Removing stm32f4xx_hal_flash_ex.o(i.HAL_FLASHEx_Erase_IT), (120 bytes).
    Removing stm32f4xx_hal_flash_ex.o(i.HAL_FLASHEx_OBGetConfig), (34 bytes).
    Removing stm32f4xx_hal_flash_ex.o(i.HAL_FLASHEx_OBProgram), (148 bytes).
    Removing stm32f4xx_hal_flash_ex.o(i.HAL_FLASHEx_OB_DeSelectPCROP), (24 bytes).
    Removing stm32f4xx_hal_flash_ex.o(i.HAL_FLASHEx_OB_SelectPCROP), (28 bytes).
    Removing stm32f4xx_hal_flash_ramfunc.o(.rev16_text), (4 bytes).
    Removing stm32f4xx_hal_flash_ramfunc.o(.revsh_text), (4 bytes).
    Removing stm32f4xx_hal_flash_ramfunc.o(.rrx_text), (6 bytes).
    Removing stm32f4xx_hal_gpio.o(.rev16_text), (4 bytes).
    Removing stm32f4xx_hal_gpio.o(.revsh_text), (4 bytes).
    Removing stm32f4xx_hal_gpio.o(.rrx_text), (6 bytes).
    Removing stm32f4xx_hal_gpio.o(i.HAL_GPIO_EXTI_Callback), (2 bytes).
    Removing stm32f4xx_hal_gpio.o(i.HAL_GPIO_EXTI_IRQHandler), (28 bytes).
    Removing stm32f4xx_hal_gpio.o(i.HAL_GPIO_LockPin), (46 bytes).
    Removing stm32f4xx_hal_gpio.o(i.HAL_GPIO_ReadPin), (16 bytes).
    Removing stm32f4xx_hal_gpio.o(i.HAL_GPIO_TogglePin), (8 bytes).
    Removing stm32f4xx_hal_dma_ex.o(.rev16_text), (4 bytes).
    Removing stm32f4xx_hal_dma_ex.o(.revsh_text), (4 bytes).
    Removing stm32f4xx_hal_dma_ex.o(.rrx_text), (6 bytes).
    Removing stm32f4xx_hal_dma_ex.o(i.DMA_MultiBufferSetConfig), (32 bytes).
    Removing stm32f4xx_hal_dma_ex.o(i.HAL_DMAEx_ChangeMemory), (18 bytes).
    Removing stm32f4xx_hal_dma_ex.o(i.HAL_DMAEx_MultiBufferStart), (124 bytes).
    Removing stm32f4xx_hal_dma_ex.o(i.HAL_DMAEx_MultiBufferStart_IT), (4056 bytes).
    Removing stm32f4xx_hal_dma.o(.rev16_text), (4 bytes).
    Removing stm32f4xx_hal_dma.o(.revsh_text), (4 bytes).
    Removing stm32f4xx_hal_dma.o(.rrx_text), (6 bytes).
    Removing stm32f4xx_hal_dma.o(i.HAL_DMA_Abort), (170 bytes).
    Removing stm32f4xx_hal_dma.o(i.HAL_DMA_Abort_IT), (40 bytes).
    Removing stm32f4xx_hal_dma.o(i.HAL_DMA_GetError), (6 bytes).
    Removing stm32f4xx_hal_dma.o(i.HAL_DMA_GetState), (8 bytes).
    Removing stm32f4xx_hal_dma.o(i.HAL_DMA_IRQHandler), (576 bytes).
    Removing stm32f4xx_hal_dma.o(i.HAL_DMA_PollForTransfer), (346 bytes).
    Removing stm32f4xx_hal_dma.o(i.HAL_DMA_RegisterCallback), (94 bytes).
    Removing stm32f4xx_hal_dma.o(i.HAL_DMA_UnRegisterCallback), (124 bytes).
    Removing stm32f4xx_hal_pwr.o(.rev16_text), (4 bytes).
    Removing stm32f4xx_hal_pwr.o(.revsh_text), (4 bytes).
    Removing stm32f4xx_hal_pwr.o(.rrx_text), (6 bytes).
    Removing stm32f4xx_hal_pwr.o(i.HAL_PWR_ConfigPVD), (180 bytes).
    Removing stm32f4xx_hal_pwr.o(i.HAL_PWR_DeInit), (28 bytes).
    Removing stm32f4xx_hal_pwr.o(i.HAL_PWR_DisableBkUpAccess), (12 bytes).
    Removing stm32f4xx_hal_pwr.o(i.HAL_PWR_DisablePVD), (12 bytes).
    Removing stm32f4xx_hal_pwr.o(i.HAL_PWR_DisableSEVOnPend), (20 bytes).
    Removing stm32f4xx_hal_pwr.o(i.HAL_PWR_DisableSleepOnExit), (20 bytes).
    Removing stm32f4xx_hal_pwr.o(i.HAL_PWR_DisableWakeUpPin), (16 bytes).
    Removing stm32f4xx_hal_pwr.o(i.HAL_PWR_EnableBkUpAccess), (12 bytes).
    Removing stm32f4xx_hal_pwr.o(i.HAL_PWR_EnablePVD), (12 bytes).
    Removing stm32f4xx_hal_pwr.o(i.HAL_PWR_EnableSEVOnPend), (20 bytes).
    Removing stm32f4xx_hal_pwr.o(i.HAL_PWR_EnableSleepOnExit), (20 bytes).
    Removing stm32f4xx_hal_pwr.o(i.HAL_PWR_EnableWakeUpPin), (16 bytes).
    Removing stm32f4xx_hal_pwr.o(i.HAL_PWR_EnterSLEEPMode), (32 bytes).
    Removing stm32f4xx_hal_pwr.o(i.HAL_PWR_EnterSTANDBYMode), (40 bytes).
    Removing stm32f4xx_hal_pwr.o(i.HAL_PWR_EnterSTOPMode), (64 bytes).
    Removing stm32f4xx_hal_pwr.o(i.HAL_PWR_PVDCallback), (2 bytes).
    Removing stm32f4xx_hal_pwr.o(i.HAL_PWR_PVD_IRQHandler), (32 bytes).
    Removing stm32f4xx_hal_pwr_ex.o(.rev16_text), (4 bytes).
    Removing stm32f4xx_hal_pwr_ex.o(.revsh_text), (4 bytes).
    Removing stm32f4xx_hal_pwr_ex.o(.rrx_text), (6 bytes).
    Removing stm32f4xx_hal_pwr_ex.o(i.HAL_PWREx_ControlVoltageScaling), (228 bytes).
    Removing stm32f4xx_hal_pwr_ex.o(i.HAL_PWREx_DisableBkUpReg), (60 bytes).
    Removing stm32f4xx_hal_pwr_ex.o(i.HAL_PWREx_DisableFlashPowerDown), (12 bytes).
    Removing stm32f4xx_hal_pwr_ex.o(i.HAL_PWREx_DisableLowRegulatorLowVoltage), (12 bytes).
    Removing stm32f4xx_hal_pwr_ex.o(i.HAL_PWREx_DisableMainRegulatorLowVoltage), (12 bytes).
    Removing stm32f4xx_hal_pwr_ex.o(i.HAL_PWREx_EnableBkUpReg), (60 bytes).
    Removing stm32f4xx_hal_pwr_ex.o(i.HAL_PWREx_EnableFlashPowerDown), (12 bytes).
    Removing stm32f4xx_hal_pwr_ex.o(i.HAL_PWREx_EnableLowRegulatorLowVoltage), (12 bytes).
    Removing stm32f4xx_hal_pwr_ex.o(i.HAL_PWREx_EnableMainRegulatorLowVoltage), (12 bytes).
    Removing stm32f4xx_hal_pwr_ex.o(i.HAL_PWREx_GetVoltageRange), (16 bytes).
    Removing stm32f4xx_hal_cortex.o(.rev16_text), (4 bytes).
    Removing stm32f4xx_hal_cortex.o(.revsh_text), (4 bytes).
    Removing stm32f4xx_hal_cortex.o(.rrx_text), (6 bytes).
    Removing stm32f4xx_hal_cortex.o(i.HAL_MPU_ConfigRegion), (92 bytes).
    Removing stm32f4xx_hal_cortex.o(i.HAL_MPU_Disable), (44 bytes).
    Removing stm32f4xx_hal_cortex.o(i.HAL_MPU_Enable), (64 bytes).
    Removing stm32f4xx_hal_cortex.o(i.HAL_NVIC_ClearPendingIRQ), (28 bytes).
    Removing stm32f4xx_hal_cortex.o(i.HAL_NVIC_DisableIRQ), (28 bytes).
    Removing stm32f4xx_hal_cortex.o(i.HAL_NVIC_EnableIRQ), (26 bytes).
    Removing stm32f4xx_hal_cortex.o(i.HAL_NVIC_GetActive), (40 bytes).
    Removing stm32f4xx_hal_cortex.o(i.HAL_NVIC_GetPendingIRQ), (40 bytes).
    Removing stm32f4xx_hal_cortex.o(i.HAL_NVIC_GetPriority), (148 bytes).
    Removing stm32f4xx_hal_cortex.o(i.HAL_NVIC_GetPriorityGrouping), (8 bytes).
    Removing stm32f4xx_hal_cortex.o(i.HAL_NVIC_SetPendingIRQ), (28 bytes).
    Removing stm32f4xx_hal_cortex.o(i.HAL_NVIC_SystemReset), (68 bytes).
    Removing stm32f4xx_hal.o(.rev16_text), (4 bytes).
    Removing stm32f4xx_hal.o(.revsh_text), (4 bytes).
    Removing stm32f4xx_hal.o(.rrx_text), (6 bytes).
    Removing stm32f4xx_hal.o(i.HAL_DBGMCU_DisableDBGSleepMode), (20 bytes).
    Removing stm32f4xx_hal.o(i.HAL_DBGMCU_DisableDBGStandbyMode), (20 bytes).
    Removing stm32f4xx_hal.o(i.HAL_DBGMCU_DisableDBGStopMode), (20 bytes).
    Removing stm32f4xx_hal.o(i.HAL_DBGMCU_EnableDBGSleepMode), (20 bytes).
    Removing stm32f4xx_hal.o(i.HAL_DBGMCU_EnableDBGStandbyMode), (20 bytes).
    Removing stm32f4xx_hal.o(i.HAL_DBGMCU_EnableDBGStopMode), (20 bytes).
    Removing stm32f4xx_hal.o(i.HAL_DeInit), (68 bytes).
    Removing stm32f4xx_hal.o(i.HAL_Delay), (40 bytes).
    Removing stm32f4xx_hal.o(i.HAL_DisableCompensationCell), (12 bytes).
    Removing stm32f4xx_hal.o(i.HAL_EnableCompensationCell), (12 bytes).
    Removing stm32f4xx_hal.o(i.HAL_GetDEVID), (16 bytes).
    Removing stm32f4xx_hal.o(i.HAL_GetHalVersion), (8 bytes).
    Removing stm32f4xx_hal.o(i.HAL_GetREVID), (12 bytes).
    Removing stm32f4xx_hal.o(i.HAL_GetTickFreq), (12 bytes).
    Removing stm32f4xx_hal.o(i.HAL_GetTickPrio), (12 bytes).
    Removing stm32f4xx_hal.o(i.HAL_GetUID), (28 bytes).
    Removing stm32f4xx_hal.o(i.HAL_MspDeInit), (2 bytes).
    Removing stm32f4xx_hal.o(i.HAL_MspInit), (2 bytes).
    Removing stm32f4xx_hal.o(i.HAL_ResumeTick), (18 bytes).
    Removing stm32f4xx_hal.o(i.HAL_SetTickFreq), (40 bytes).
    Removing stm32f4xx_hal.o(i.HAL_SuspendTick), (18 bytes).
    Removing system_stm32f4xx.o(.rev16_text), (4 bytes).
    Removing system_stm32f4xx.o(.revsh_text), (4 bytes).
    Removing system_stm32f4xx.o(.rrx_text), (6 bytes).
    Removing system_stm32f4xx.o(i.SystemCoreClockUpdate), (192 bytes).
    Removing delay.o(.rev16_text), (4 bytes).
    Removing delay.o(.revsh_text), (4 bytes).
    Removing delay.o(.rrx_text), (6 bytes).
    Removing delay.o(i.Delay), (12 bytes).
    Removing delay.o(i.delay_us), (68 bytes).
    Removing usart.o(.rev16_text), (4 bytes).
    Removing usart.o(.revsh_text), (4 bytes).
    Removing usart.o(.rrx_text), (6 bytes).
    Removing mlx90640_swi2c_driver.o(.rev16_text), (4 bytes).
    Removing mlx90640_swi2c_driver.o(.revsh_text), (4 bytes).
    Removing mlx90640_swi2c_driver.o(.rrx_text), (6 bytes).
    Removing mlx90640_swi2c_driver.o(i.MLX90640_I2CFreqSet), (12 bytes).
    Removing mlx90640_swi2c_driver.o(i.MLX90640_I2CInit), (8 bytes).
    Removing mlx90640_api.o(.rev16_text), (4 bytes).
    Removing mlx90640_api.o(.revsh_text), (4 bytes).
    Removing mlx90640_api.o(.rrx_text), (6 bytes).
    Removing mlx90640_api.o(i.MLX90640_GetCurMode), (38 bytes).
    Removing mlx90640_api.o(i.MLX90640_GetCurResolution), (38 bytes).
    Removing mlx90640_api.o(i.MLX90640_GetImage), (956 bytes).
    Removing mlx90640_api.o(i.MLX90640_GetRefreshRate), (38 bytes).
    Removing mlx90640_api.o(i.MLX90640_GetSubPageNumber), (8 bytes).
    Removing mlx90640_api.o(i.MLX90640_SetInterleavedMode), (52 bytes).
    Removing mlx90640_api.o(i.MLX90640_SetResolution), (58 bytes).
    Removing dneg.o(.text), (6 bytes).
    Removing cdcmple.o(.text), (48 bytes).

258 unused section(s) (total 29676 bytes) removed from the image.

==============================================================================

Adding Veneers to the image

    Adding TT veneer (10 bytes, Long) for call to 'MLX90640_CalculateTo' from main.o(i.main).
    Adding TT veneer (10 bytes, Long) for call to 'MLX90640_GetVdd' from mlx90640_api.o(RAMCODE).
    Adding TT veneer (10 bytes, Long) for call to 'MLX90640_GetTa' from mlx90640_api.o(RAMCODE).
    Adding TT veneer (10 bytes, Long) for call to '__aeabi_f2d' from mlx90640_api.o(RAMCODE).
    Adding TT veneer (10 bytes, Long) for call to '__hardfp_pow' from mlx90640_api.o(RAMCODE).
    Adding TT veneer (10 bytes, Long) for call to '__aeabi_d2f' from mlx90640_api.o(RAMCODE).
    Adding TT veneer (10 bytes, Long) for call to '__aeabi_dmul' from mlx90640_api.o(RAMCODE).
    Adding TT veneer (10 bytes, Long) for call to '__hardfp_sqrt' from mlx90640_api.o(RAMCODE).
    Adding TT veneer (10 bytes, Long) for call to '__aeabi_dsub' from mlx90640_api.o(RAMCODE).

9 Veneer(s) (total 90 bytes) added to the image.

==============================================================================

Image Symbol Table

    Local Symbols

    Symbol Name                              Value     Ov Type        Size  Object(Section)

    ..//Src/system_stm32f4xx.c               0x00000000   Number         0  system_stm32f4xx.o ABSOLUTE
    ../Drivers/STM32F4xx_HAL_Driver/Src/stm32f4xx_hal.c 0x00000000   Number         0  stm32f4xx_hal.o ABSOLUTE
    ../Drivers/STM32F4xx_HAL_Driver/Src/stm32f4xx_hal_cortex.c 0x00000000   Number         0  stm32f4xx_hal_cortex.o ABSOLUTE
    ../Drivers/STM32F4xx_HAL_Driver/Src/stm32f4xx_hal_dma.c 0x00000000   Number         0  stm32f4xx_hal_dma.o ABSOLUTE
    ../Drivers/STM32F4xx_HAL_Driver/Src/stm32f4xx_hal_dma_ex.c 0x00000000   Number         0  stm32f4xx_hal_dma_ex.o ABSOLUTE
    ../Drivers/STM32F4xx_HAL_Driver/Src/stm32f4xx_hal_flash.c 0x00000000   Number         0  stm32f4xx_hal_flash.o ABSOLUTE
    ../Drivers/STM32F4xx_HAL_Driver/Src/stm32f4xx_hal_flash_ex.c 0x00000000   Number         0  stm32f4xx_hal_flash_ex.o ABSOLUTE
    ../Drivers/STM32F4xx_HAL_Driver/Src/stm32f4xx_hal_flash_ramfunc.c 0x00000000   Number         0  stm32f4xx_hal_flash_ramfunc.o ABSOLUTE
    ../Drivers/STM32F4xx_HAL_Driver/Src/stm32f4xx_hal_gpio.c 0x00000000   Number         0  stm32f4xx_hal_gpio.o ABSOLUTE
    ../Drivers/STM32F4xx_HAL_Driver/Src/stm32f4xx_hal_pwr.c 0x00000000   Number         0  stm32f4xx_hal_pwr.o ABSOLUTE
    ../Drivers/STM32F4xx_HAL_Driver/Src/stm32f4xx_hal_pwr_ex.c 0x00000000   Number         0  stm32f4xx_hal_pwr_ex.o ABSOLUTE
    ../Drivers/STM32F4xx_HAL_Driver/Src/stm32f4xx_hal_rcc.c 0x00000000   Number         0  stm32f4xx_hal_rcc.o ABSOLUTE
    ../Drivers/STM32F4xx_HAL_Driver/Src/stm32f4xx_hal_rcc_ex.c 0x00000000   Number         0  stm32f4xx_hal_rcc_ex.o ABSOLUTE
    ../Drivers/STM32F4xx_HAL_Driver/Src/stm32f4xx_hal_tim.c 0x00000000   Number         0  stm32f4xx_hal_tim.o ABSOLUTE
    ../Drivers/STM32F4xx_HAL_Driver/Src/stm32f4xx_hal_tim_ex.c 0x00000000   Number         0  stm32f4xx_hal_tim_ex.o ABSOLUTE
    ../Drivers/STM32F4xx_HAL_Driver/Src/stm32f4xx_hal_uart.c 0x00000000   Number         0  stm32f4xx_hal_uart.o ABSOLUTE
    ../Src/main.c                            0x00000000   Number         0  main.o ABSOLUTE
    ../Src/stm32f4xx_hal_msp.c               0x00000000   Number         0  stm32f4xx_hal_msp.o ABSOLUTE
    ../Src/stm32f4xx_it.c                    0x00000000   Number         0  stm32f4xx_it.o ABSOLUTE
    ../clib/microlib/division.c              0x00000000   Number         0  uldiv.o ABSOLUTE
    ../clib/microlib/errno.c                 0x00000000   Number         0  errno.o ABSOLUTE
    ../clib/microlib/init/entry.s            0x00000000   Number         0  entry5.o ABSOLUTE
    ../clib/microlib/init/entry.s            0x00000000   Number         0  entry8b.o ABSOLUTE
    ../clib/microlib/init/entry.s            0x00000000   Number         0  entry2.o ABSOLUTE
    ../clib/microlib/init/entry.s            0x00000000   Number         0  entry9a.o ABSOLUTE
    ../clib/microlib/init/entry.s            0x00000000   Number         0  entry.o ABSOLUTE
    ../clib/microlib/init/entry.s            0x00000000   Number         0  entry11b.o ABSOLUTE
    ../clib/microlib/init/entry.s            0x00000000   Number         0  entry11a.o ABSOLUTE
    ../clib/microlib/init/entry.s            0x00000000   Number         0  entry9b.o ABSOLUTE
    ../clib/microlib/init/entry.s            0x00000000   Number         0  entry10a.o ABSOLUTE
    ../clib/microlib/init/entry.s            0x00000000   Number         0  entry10b.o ABSOLUTE
    ../clib/microlib/init/entry.s            0x00000000   Number         0  entry8a.o ABSOLUTE
    ../clib/microlib/init/entry.s            0x00000000   Number         0  entry7b.o ABSOLUTE
    ../clib/microlib/init/entry.s            0x00000000   Number         0  entry7a.o ABSOLUTE
    ../clib/microlib/longlong.c              0x00000000   Number         0  llshl.o ABSOLUTE
    ../clib/microlib/longlong.c              0x00000000   Number         0  llushr.o ABSOLUTE
    ../clib/microlib/longlong.c              0x00000000   Number         0  llsshr.o ABSOLUTE
    ../clib/microlib/string/memset.c         0x00000000   Number         0  memseta.o ABSOLUTE
    ../clib/microlib/stubs.s                 0x00000000   Number         0  iusefp.o ABSOLUTE
    ../fplib/microlib/d2f.c                  0x00000000   Number         0  d2f.o ABSOLUTE
    ../fplib/microlib/f2d.c                  0x00000000   Number         0  f2d.o ABSOLUTE
    ../fplib/microlib/fpadd.c                0x00000000   Number         0  dadd.o ABSOLUTE
    ../fplib/microlib/fpdiv.c                0x00000000   Number         0  ddiv.o ABSOLUTE
    ../fplib/microlib/fpepilogue.c           0x00000000   Number         0  depilogue.o ABSOLUTE
    ../fplib/microlib/fpepilogue.c           0x00000000   Number         0  fepilogue.o ABSOLUTE
    ../fplib/microlib/fpflt.c                0x00000000   Number         0  dfltui.o ABSOLUTE
    ../fplib/microlib/fpflt.c                0x00000000   Number         0  dflti.o ABSOLUTE
    ../fplib/microlib/fpmul.c                0x00000000   Number         0  dmul.o ABSOLUTE
    ../fplib/microlib/fpneg.c                0x00000000   Number         0  dneg.o ABSOLUTE
    ../fplib/microlib/fpscalb.c              0x00000000   Number         0  dscalb.o ABSOLUTE
    ../fplib/microlib/fpsqrt.c               0x00000000   Number         0  dsqrt.o ABSOLUTE
    ../mathlib/dunder.c                      0x00000000   Number         0  dunder.o ABSOLUTE
    ../mathlib/fabs.c                        0x00000000   Number         0  fabs.o ABSOLUTE
    ../mathlib/fpclassify.c                  0x00000000   Number         0  fpclassify.o ABSOLUTE
    ../mathlib/poly.c                        0x00000000   Number         0  poly.o ABSOLUTE
    ../mathlib/pow.c                         0x00000000   Number         0  pow_x.o ABSOLUTE
    ../mathlib/pow.c                         0x00000000   Number         0  pow.o ABSOLUTE
    ../mathlib/qnan.c                        0x00000000   Number         0  qnan.o ABSOLUTE
    ../mathlib/sqrt.c                        0x00000000   Number         0  sqrt.o ABSOLUTE
    ../mathlib/sqrt.c                        0x00000000   Number         0  sqrt_x.o ABSOLUTE
    ..\Drivers\STM32F4xx_HAL_Driver\Src\stm32f4xx_hal.c 0x00000000   Number         0  stm32f4xx_hal.o ABSOLUTE
    ..\Drivers\STM32F4xx_HAL_Driver\Src\stm32f4xx_hal_cortex.c 0x00000000   Number         0  stm32f4xx_hal_cortex.o ABSOLUTE
    ..\Drivers\STM32F4xx_HAL_Driver\Src\stm32f4xx_hal_dma.c 0x00000000   Number         0  stm32f4xx_hal_dma.o ABSOLUTE
    ..\Drivers\STM32F4xx_HAL_Driver\Src\stm32f4xx_hal_dma_ex.c 0x00000000   Number         0  stm32f4xx_hal_dma_ex.o ABSOLUTE
    ..\Drivers\STM32F4xx_HAL_Driver\Src\stm32f4xx_hal_flash.c 0x00000000   Number         0  stm32f4xx_hal_flash.o ABSOLUTE
    ..\Drivers\STM32F4xx_HAL_Driver\Src\stm32f4xx_hal_flash_ex.c 0x00000000   Number         0  stm32f4xx_hal_flash_ex.o ABSOLUTE
    ..\Drivers\STM32F4xx_HAL_Driver\Src\stm32f4xx_hal_flash_ramfunc.c 0x00000000   Number         0  stm32f4xx_hal_flash_ramfunc.o ABSOLUTE
    ..\Drivers\STM32F4xx_HAL_Driver\Src\stm32f4xx_hal_gpio.c 0x00000000   Number         0  stm32f4xx_hal_gpio.o ABSOLUTE
    ..\Drivers\STM32F4xx_HAL_Driver\Src\stm32f4xx_hal_pwr.c 0x00000000   Number         0  stm32f4xx_hal_pwr.o ABSOLUTE
    ..\Drivers\STM32F4xx_HAL_Driver\Src\stm32f4xx_hal_pwr_ex.c 0x00000000   Number         0  stm32f4xx_hal_pwr_ex.o ABSOLUTE
    ..\Drivers\STM32F4xx_HAL_Driver\Src\stm32f4xx_hal_rcc.c 0x00000000   Number         0  stm32f4xx_hal_rcc.o ABSOLUTE
    ..\Drivers\STM32F4xx_HAL_Driver\Src\stm32f4xx_hal_rcc_ex.c 0x00000000   Number         0  stm32f4xx_hal_rcc_ex.o ABSOLUTE
    ..\Drivers\STM32F4xx_HAL_Driver\Src\stm32f4xx_hal_tim.c 0x00000000   Number         0  stm32f4xx_hal_tim.o ABSOLUTE
    ..\Drivers\STM32F4xx_HAL_Driver\Src\stm32f4xx_hal_tim_ex.c 0x00000000   Number         0  stm32f4xx_hal_tim_ex.o ABSOLUTE
    ..\Drivers\STM32F4xx_HAL_Driver\Src\stm32f4xx_hal_uart.c 0x00000000   Number         0  stm32f4xx_hal_uart.o ABSOLUTE
    ..\My_lib\IIC\MLX90640_SWI2C_Driver.c    0x00000000   Number         0  mlx90640_swi2c_driver.o ABSOLUTE
    ..\My_lib\MLX90640\MLX90640_API.c        0x00000000   Number         0  mlx90640_api.o ABSOLUTE
    ..\My_lib\USART\USART.c                  0x00000000   Number         0  usart.o ABSOLUTE
    ..\My_lib\delay\delay.c                  0x00000000   Number         0  delay.o ABSOLUTE
    ..\Src\main.c                            0x00000000   Number         0  main.o ABSOLUTE
    ..\Src\stm32f4xx_hal_msp.c               0x00000000   Number         0  stm32f4xx_hal_msp.o ABSOLUTE
    ..\Src\stm32f4xx_it.c                    0x00000000   Number         0  stm32f4xx_it.o ABSOLUTE
    ..\\My_lib\\IIC\\MLX90640_SWI2C_Driver.c 0x00000000   Number         0  mlx90640_swi2c_driver.o ABSOLUTE
    ..\\My_lib\\MLX90640\\MLX90640_API.c     0x00000000   Number         0  mlx90640_api.o ABSOLUTE
    ..\\My_lib\\USART\\USART.c               0x00000000   Number         0  usart.o ABSOLUTE
    ..\\My_lib\\delay\\delay.c               0x00000000   Number         0  delay.o ABSOLUTE
    ..\\Src\system_stm32f4xx.c               0x00000000   Number         0  system_stm32f4xx.o ABSOLUTE
    cdcmple.s                                0x00000000   Number         0  cdcmple.o ABSOLUTE
    cdrcmple.s                               0x00000000   Number         0  cdrcmple.o ABSOLUTE
    dc.s                                     0x00000000   Number         0  dc.o ABSOLUTE
    handlers.s                               0x00000000   Number         0  handlers.o ABSOLUTE
    init.s                                   0x00000000   Number         0  init.o ABSOLUTE
    startup_stm32f401xc.s                    0x00000000   Number         0  startup_stm32f401xc.o ABSOLUTE
    RESET                                    0x08000000   Section      404  startup_stm32f401xc.o(RESET)
    .ARM.Collect$$$$00000000                 0x08000194   Section        0  entry.o(.ARM.Collect$$$$00000000)
    .ARM.Collect$$$$00000001                 0x08000194   Section        4  entry2.o(.ARM.Collect$$$$00000001)
    .ARM.Collect$$$$00000004                 0x08000198   Section        4  entry5.o(.ARM.Collect$$$$00000004)
    .ARM.Collect$$$$00000008                 0x0800019c   Section        0  entry7b.o(.ARM.Collect$$$$00000008)
    .ARM.Collect$$$$0000000A                 0x0800019c   Section        0  entry8b.o(.ARM.Collect$$$$0000000A)
    .ARM.Collect$$$$0000000B                 0x0800019c   Section        8  entry9a.o(.ARM.Collect$$$$0000000B)
    .ARM.Collect$$$$0000000D                 0x080001a4   Section        0  entry10a.o(.ARM.Collect$$$$0000000D)
    .ARM.Collect$$$$0000000F                 0x080001a4   Section        0  entry11a.o(.ARM.Collect$$$$0000000F)
    .ARM.Collect$$$$00002712                 0x080001a4   Section        4  entry2.o(.ARM.Collect$$$$00002712)
    __lit__00000000                          0x080001a4   Data           4  entry2.o(.ARM.Collect$$$$00002712)
    .text                                    0x080001a8   Section       36  startup_stm32f401xc.o(.text)
    $v0                                      0x080001a8   Number         0  startup_stm32f401xc.o(.text)
    .text                                    0x080001cc   Section        0  uldiv.o(.text)
    .text                                    0x0800022e   Section        0  memseta.o(.text)
    .text                                    0x08000252   Section        0  dadd.o(.text)
    .text                                    0x080003a0   Section        0  dmul.o(.text)
    .text                                    0x08000484   Section        0  ddiv.o(.text)
    .text                                    0x08000562   Section        0  dflti.o(.text)
    .text                                    0x08000584   Section        0  dfltui.o(.text)
    .text                                    0x0800059e   Section        0  f2d.o(.text)
    .text                                    0x080005c4   Section        0  d2f.o(.text)
    .text                                    0x080005fc   Section        0  llshl.o(.text)
    .text                                    0x0800061a   Section        0  llushr.o(.text)
    .text                                    0x0800063a   Section        0  llsshr.o(.text)
    .text                                    0x0800065e   Section        0  fepilogue.o(.text)
    .text                                    0x0800065e   Section        0  iusefp.o(.text)
    .text                                    0x080006cc   Section        0  depilogue.o(.text)
    .text                                    0x08000786   Section        0  dscalb.o(.text)
    .text                                    0x080007b4   Section        0  dsqrt.o(.text)
    .text                                    0x08000858   Section       48  cdrcmple.o(.text)
    .text                                    0x08000888   Section       36  init.o(.text)
    i.All_Init                               0x080008b6   Section        0  main.o(i.All_Init)
    i.BusFault_Handler                       0x080008d4   Section        0  stm32f4xx_it.o(i.BusFault_Handler)
    i.CheckAdjacentPixels                    0x080008d8   Section        0  mlx90640_api.o(i.CheckAdjacentPixels)
    i.CheckEEPROMValid                       0x08000912   Section        0  mlx90640_api.o(i.CheckEEPROMValid)
    i.DMA2_Stream7_IRQHandler                0x08000926   Section        0  stm32f4xx_it.o(i.DMA2_Stream7_IRQHandler)
    i.DMA_CalcBaseAndBitshift                0x08000928   Section        0  stm32f4xx_hal_dma.o(i.DMA_CalcBaseAndBitshift)
    DMA_CalcBaseAndBitshift                  0x08000929   Thumb Code    46  stm32f4xx_hal_dma.o(i.DMA_CalcBaseAndBitshift)
    i.DMA_CheckFifoParam                     0x0800095c   Section        0  stm32f4xx_hal_dma.o(i.DMA_CheckFifoParam)
    DMA_CheckFifoParam                       0x0800095d   Thumb Code   170  stm32f4xx_hal_dma.o(i.DMA_CheckFifoParam)
    i.DMA_SetConfig                          0x08000a06   Section        0  stm32f4xx_hal_dma.o(i.DMA_SetConfig)
    DMA_SetConfig                            0x08000a07   Thumb Code    44  stm32f4xx_hal_dma.o(i.DMA_SetConfig)
    i.DebugMon_Handler                       0x08000a32   Section        0  stm32f4xx_it.o(i.DebugMon_Handler)
    i.Delay_Init                             0x08000a34   Section        0  delay.o(i.Delay_Init)
    i.ExtractAlphaParameters                 0x08000a80   Section        0  mlx90640_api.o(i.ExtractAlphaParameters)
    i.ExtractCILCParameters                  0x08000cf4   Section        0  mlx90640_api.o(i.ExtractCILCParameters)
    i.ExtractCPParameters                    0x08000e08   Section        0  mlx90640_api.o(i.ExtractCPParameters)
    i.ExtractDeviatingPixels                 0x08001080   Section        0  mlx90640_api.o(i.ExtractDeviatingPixels)
    i.ExtractGainParameters                  0x080011de   Section        0  mlx90640_api.o(i.ExtractGainParameters)
    i.ExtractKsTaParameters                  0x080011f4   Section        0  mlx90640_api.o(i.ExtractKsTaParameters)
    i.ExtractKsToParameters                  0x08001240   Section        0  mlx90640_api.o(i.ExtractKsToParameters)
    i.ExtractKtaPixelParameters              0x08001350   Section        0  mlx90640_api.o(i.ExtractKtaPixelParameters)
    i.ExtractKvPixelParameters               0x08001558   Section        0  mlx90640_api.o(i.ExtractKvPixelParameters)
    i.ExtractOffsetParameters                0x080016bc   Section        0  mlx90640_api.o(i.ExtractOffsetParameters)
    i.ExtractPTATParameters                  0x0800187c   Section        0  mlx90640_api.o(i.ExtractPTATParameters)
    i.ExtractResolutionParameters            0x0800197c   Section        0  mlx90640_api.o(i.ExtractResolutionParameters)
    i.ExtractTgcParameters                   0x0800198c   Section        0  mlx90640_api.o(i.ExtractTgcParameters)
    i.ExtractVDDParameters                   0x080019d4   Section        0  mlx90640_api.o(i.ExtractVDDParameters)
    i.HAL_DMA_DeInit                         0x08001a08   Section        0  stm32f4xx_hal_dma.o(i.HAL_DMA_DeInit)
    i.HAL_DMA_Init                           0x08001a6c   Section        0  stm32f4xx_hal_dma.o(i.HAL_DMA_Init)
    i.HAL_DMA_Start                          0x08001b58   Section        0  stm32f4xx_hal_dma.o(i.HAL_DMA_Start)
    i.HAL_DMA_Start_IT                       0x08001bbe   Section        0  stm32f4xx_hal_dma.o(i.HAL_DMA_Start_IT)
    i.HAL_GPIO_DeInit                        0x08001c5c   Section        0  stm32f4xx_hal_gpio.o(i.HAL_GPIO_DeInit)
    i.HAL_GPIO_Init                          0x08001d94   Section        0  stm32f4xx_hal_gpio.o(i.HAL_GPIO_Init)
    i.HAL_GPIO_WritePin                      0x08001f68   Section        0  stm32f4xx_hal_gpio.o(i.HAL_GPIO_WritePin)
    i.HAL_GetTick                            0x08001f74   Section        0  stm32f4xx_hal.o(i.HAL_GetTick)
    i.HAL_IncTick                            0x08001f80   Section        0  stm32f4xx_hal.o(i.HAL_IncTick)
    i.HAL_Init                               0x08001f98   Section        0  stm32f4xx_hal.o(i.HAL_Init)
    i.HAL_InitTick                           0x08001fd4   Section        0  stm32f4xx_hal.o(i.HAL_InitTick)
    i.HAL_MspInit                            0x08002020   Section        0  stm32f4xx_hal_msp.o(i.HAL_MspInit)
    i.HAL_NVIC_SetPriority                   0x080020bc   Section        0  stm32f4xx_hal_cortex.o(i.HAL_NVIC_SetPriority)
    i.HAL_NVIC_SetPriorityGrouping           0x08002138   Section        0  stm32f4xx_hal_cortex.o(i.HAL_NVIC_SetPriorityGrouping)
    i.HAL_RCC_ClockConfig                    0x08002160   Section        0  stm32f4xx_hal_rcc.o(i.HAL_RCC_ClockConfig)
    i.HAL_RCC_GetHCLKFreq                    0x080022e0   Section        0  stm32f4xx_hal_rcc.o(i.HAL_RCC_GetHCLKFreq)
    i.HAL_RCC_GetPCLK1Freq                   0x080022ec   Section        0  stm32f4xx_hal_rcc.o(i.HAL_RCC_GetPCLK1Freq)
    i.HAL_RCC_GetPCLK2Freq                   0x0800230c   Section        0  stm32f4xx_hal_rcc.o(i.HAL_RCC_GetPCLK2Freq)
    i.HAL_RCC_GetSysClockFreq                0x0800232c   Section        0  stm32f4xx_hal_rcc.o(i.HAL_RCC_GetSysClockFreq)
    i.HAL_RCC_OscConfig                      0x080023dc   Section        0  stm32f4xx_hal_rcc.o(i.HAL_RCC_OscConfig)
    i.HAL_SYSTICK_CLKSourceConfig            0x08002824   Section        0  stm32f4xx_hal_cortex.o(i.HAL_SYSTICK_CLKSourceConfig)
    i.HAL_SYSTICK_Callback                   0x0800284c   Section        0  stm32f4xx_hal_cortex.o(i.HAL_SYSTICK_Callback)
    i.HAL_SYSTICK_Config                     0x0800284e   Section        0  stm32f4xx_hal_cortex.o(i.HAL_SYSTICK_Config)
    i.HAL_SYSTICK_IRQHandler                 0x08002882   Section        0  stm32f4xx_hal_cortex.o(i.HAL_SYSTICK_IRQHandler)
    i.HAL_UART_DeInit                        0x0800288a   Section        0  stm32f4xx_hal_uart.o(i.HAL_UART_DeInit)
    i.HAL_UART_ErrorCallback                 0x080028b8   Section        0  stm32f4xx_hal_uart.o(i.HAL_UART_ErrorCallback)
    i.HAL_UART_Init                          0x080028ba   Section        0  stm32f4xx_hal_uart.o(i.HAL_UART_Init)
    i.HAL_UART_MspDeInit                     0x0800292c   Section        0  stm32f4xx_hal_msp.o(i.HAL_UART_MspDeInit)
    i.HAL_UART_MspInit                       0x08002964   Section        0  stm32f4xx_hal_msp.o(i.HAL_UART_MspInit)
    i.HAL_UART_Transmit_DMA                  0x080029c0   Section        0  stm32f4xx_hal_uart.o(i.HAL_UART_Transmit_DMA)
    i.HAL_UART_TxCpltCallback                0x08002a5c   Section        0  stm32f4xx_hal_uart.o(i.HAL_UART_TxCpltCallback)
    i.HAL_UART_TxHalfCpltCallback            0x08002a5e   Section        0  stm32f4xx_hal_uart.o(i.HAL_UART_TxHalfCpltCallback)
    i.HardFault_Handler                      0x08002a60   Section        0  stm32f4xx_it.o(i.HardFault_Handler)
    i.I2CReadBytes                           0x08002a64   Section        0  mlx90640_swi2c_driver.o(i.I2CReadBytes)
    i.I2CReceiveAck                          0x08002b0c   Section        0  mlx90640_swi2c_driver.o(i.I2CReceiveAck)
    i.I2CRepeatedStart                       0x08002b74   Section        0  mlx90640_swi2c_driver.o(i.I2CRepeatedStart)
    i.I2CSendACK                             0x08002bdc   Section        0  mlx90640_swi2c_driver.o(i.I2CSendACK)
    i.I2CSendByte                            0x08002c38   Section        0  mlx90640_swi2c_driver.o(i.I2CSendByte)
    i.I2CSendNack                            0x08002cc0   Section        0  mlx90640_swi2c_driver.o(i.I2CSendNack)
    i.I2CStart                               0x08002d1c   Section        0  mlx90640_swi2c_driver.o(i.I2CStart)
    i.I2CStop                                0x08002d74   Section        0  mlx90640_swi2c_driver.o(i.I2CStop)
    i.MLX90640_DumpEE                        0x08002dc4   Section        0  mlx90640_api.o(i.MLX90640_DumpEE)
    i.MLX90640_ExtractParameters             0x08002ddc   Section        0  mlx90640_api.o(i.MLX90640_ExtractParameters)
    i.MLX90640_GetFrameData                  0x08002e64   Section        0  mlx90640_api.o(i.MLX90640_GetFrameData)
    i.MLX90640_GetTa                         0x08002f28   Section        0  mlx90640_api.o(i.MLX90640_GetTa)
    i.MLX90640_GetVdd                        0x08003038   Section        0  mlx90640_api.o(i.MLX90640_GetVdd)
    i.MLX90640_I2CRead                       0x0800311c   Section        0  mlx90640_swi2c_driver.o(i.MLX90640_I2CRead)
    i.MLX90640_I2CWrite                      0x08003218   Section        0  mlx90640_swi2c_driver.o(i.MLX90640_I2CWrite)
    i.MLX90640_SetChessMode                  0x080032bc   Section        0  mlx90640_api.o(i.MLX90640_SetChessMode)
    i.MLX90640_SetRefreshRate                0x080032ec   Section        0  mlx90640_api.o(i.MLX90640_SetRefreshRate)
    i.MX_GPIO_Init                           0x08003328   Section        0  main.o(i.MX_GPIO_Init)
    MX_GPIO_Init                             0x08003329   Thumb Code   130  main.o(i.MX_GPIO_Init)
    i.MYDMA_Config                           0x080033b4   Section        0  usart.o(i.MYDMA_Config)
    i.MemManage_Handler                      0x08003434   Section        0  stm32f4xx_it.o(i.MemManage_Handler)
    i.NMI_Handler                            0x08003438   Section        0  stm32f4xx_it.o(i.NMI_Handler)
    i.NVIC_GetPriorityGrouping               0x0800343c   Section        0  stm32f4xx_hal_cortex.o(i.NVIC_GetPriorityGrouping)
    NVIC_GetPriorityGrouping                 0x0800343d   Thumb Code    10  stm32f4xx_hal_cortex.o(i.NVIC_GetPriorityGrouping)
    i.NVIC_SetPriority                       0x0800344c   Section        0  stm32f4xx_hal_cortex.o(i.NVIC_SetPriority)
    NVIC_SetPriority                         0x0800344d   Thumb Code    32  stm32f4xx_hal_cortex.o(i.NVIC_SetPriority)
    i.PendSV_Handler                         0x08003474   Section        0  stm32f4xx_it.o(i.PendSV_Handler)
    i.SVC_Handler                            0x08003476   Section        0  stm32f4xx_it.o(i.SVC_Handler)
    i.SysTick_Handler                        0x08003478   Section        0  stm32f4xx_it.o(i.SysTick_Handler)
    i.SystemClock_Config                     0x08003484   Section        0  main.o(i.SystemClock_Config)
    i.SystemInit                             0x08003564   Section        0  system_stm32f4xx.o(i.SystemInit)
    i.UART_DMAError                          0x080035c8   Section        0  stm32f4xx_hal_uart.o(i.UART_DMAError)
    UART_DMAError                            0x080035c9   Thumb Code    80  stm32f4xx_hal_uart.o(i.UART_DMAError)
    i.UART_DMATransmitCplt                   0x08003618   Section        0  stm32f4xx_hal_uart.o(i.UART_DMATransmitCplt)
    UART_DMATransmitCplt                     0x08003619   Thumb Code    54  stm32f4xx_hal_uart.o(i.UART_DMATransmitCplt)
    i.UART_DMATxHalfCplt                     0x0800364e   Section        0  stm32f4xx_hal_uart.o(i.UART_DMATxHalfCplt)
    UART_DMATxHalfCplt                       0x0800364f   Thumb Code    14  stm32f4xx_hal_uart.o(i.UART_DMATxHalfCplt)
    i.UART_EndRxTransfer                     0x0800365c   Section        0  stm32f4xx_hal_uart.o(i.UART_EndRxTransfer)
    UART_EndRxTransfer                       0x0800365d   Thumb Code    32  stm32f4xx_hal_uart.o(i.UART_EndRxTransfer)
    i.UART_EndTxTransfer                     0x0800367c   Section        0  stm32f4xx_hal_uart.o(i.UART_EndTxTransfer)
    UART_EndTxTransfer                       0x0800367d   Thumb Code    20  stm32f4xx_hal_uart.o(i.UART_EndTxTransfer)
    i.UART_SetConfig                         0x08003690   Section        0  stm32f4xx_hal_uart.o(i.UART_SetConfig)
    UART_SetConfig                           0x08003691   Thumb Code   864  stm32f4xx_hal_uart.o(i.UART_SetConfig)
    i.UsageFault_Handler                     0x080039f8   Section        0  stm32f4xx_it.o(i.UsageFault_Handler)
    i.Wait                                   0x080039fc   Section        0  mlx90640_swi2c_driver.o(i.Wait)
    i._Error_Handler                         0x08003a0a   Section        0  main.o(i._Error_Handler)
    i.__ARM_fpclassify                       0x08003a0e   Section        0  fpclassify.o(i.__ARM_fpclassify)
    i.__hardfp_pow                           0x08003a40   Section        0  pow.o(i.__hardfp_pow)
    i.__hardfp_sqrt                          0x08004690   Section        0  sqrt.o(i.__hardfp_sqrt)
    i.__kernel_poly                          0x0800470a   Section        0  poly.o(i.__kernel_poly)
    i.__mathlib_dbl_divzero                  0x08004808   Section        0  dunder.o(i.__mathlib_dbl_divzero)
    i.__mathlib_dbl_infnan2                  0x08004838   Section        0  dunder.o(i.__mathlib_dbl_infnan2)
    i.__mathlib_dbl_invalid                  0x08004850   Section        0  dunder.o(i.__mathlib_dbl_invalid)
    i.__mathlib_dbl_overflow                 0x08004870   Section        0  dunder.o(i.__mathlib_dbl_overflow)
    i.__mathlib_dbl_underflow                0x08004890   Section        0  dunder.o(i.__mathlib_dbl_underflow)
    i.__scatterload_copy                     0x080048b0   Section       14  handlers.o(i.__scatterload_copy)
    i.__scatterload_null                     0x080048be   Section        2  handlers.o(i.__scatterload_null)
    i.__scatterload_zeroinit                 0x080048c0   Section       14  handlers.o(i.__scatterload_zeroinit)
    i.__set_errno                            0x080048d0   Section        0  errno.o(i.__set_errno)
    i.delay_ms                               0x080048dc   Section        0  delay.o(i.delay_ms)
    i.fabs                                   0x08004920   Section        0  fabs.o(i.fabs)
    i.main                                   0x08004938   Section        0  main.o(i.main)
    i.sqrt                                   0x08004ac8   Section        0  sqrt.o(i.sqrt)
    i.uart_init                              0x08004b38   Section        0  usart.o(i.uart_init)
    .constdata                               0x08004b90   Section        8  stm32f4xx_hal_dma.o(.constdata)
    flagBitshiftOffset                       0x08004b90   Data           8  stm32f4xx_hal_dma.o(.constdata)
    .constdata                               0x08004b98   Section       24  system_stm32f4xx.o(.constdata)
    .constdata                               0x08004bb0   Section      136  pow.o(.constdata)
    bp                                       0x08004bb0   Data          16  pow.o(.constdata)
    dp_h                                     0x08004bc0   Data          16  pow.o(.constdata)
    dp_l                                     0x08004bd0   Data          16  pow.o(.constdata)
    L                                        0x08004be0   Data          48  pow.o(.constdata)
    P                                        0x08004c10   Data          40  pow.o(.constdata)
    .constdata                               0x08004c38   Section        8  qnan.o(.constdata)
    RAMCODE                                  0x20000000   Section        0  mlx90640_api.o(RAMCODE)
    .data                                    0x2000074c   Section        9  stm32f4xx_hal.o(.data)
    .data                                    0x20000758   Section        4  system_stm32f4xx.o(.data)
    .data                                    0x2000075c   Section        6  delay.o(.data)
    .data                                    0x20000764   Section        6  mlx90640_swi2c_driver.o(.data)
    freqCnt                                  0x20000764   Data           4  mlx90640_swi2c_driver.o(.data)
    dataCheck                                0x20000768   Data           2  mlx90640_swi2c_driver.o(.data)
    .data                                    0x2000076c   Section        4  errno.o(.data)
    _errno                                   0x2000076c   Data           4  errno.o(.data)
    .bss                                     0x20000770   Section     4736  main.o(.bss)
    eeMLX90640                               0x20000770   Data        1664  main.o(.bss)
    mlx90640To                               0x20000df0   Data        3072  main.o(.bss)
    .bss                                     0x200019f0   Section     1704  usart.o(.bss)
    STACK                                    0x20002098   Section    20480  startup_stm32f401xc.o(STACK)

    Global Symbols

    Symbol Name                              Value     Ov Type        Size  Object(Section)

    BuildAttributes$$THM_ISAv4$E$P$D$K$B$S$7EM$VFPi3$EXTD16$VFPS$VFMA$PE$A:L22UL41UL21$X:L11$S22US41US21$IEEE1$IW$USESV6$~STKCKD$USESV7$~SHL$OTIME$ROPI$IEEEX$EBA8$MICROLIB$REQ8$PRES8$EABIv2 0x00000000   Number         0  anon$$obj.o ABSOLUTE
    __ARM_use_no_argv                        0x00000000   Number         0  main.o ABSOLUTE
    __cpp_initialize__aeabi_                  - Undefined Weak Reference
    __cxa_finalize                            - Undefined Weak Reference
    __decompress                              - Undefined Weak Reference
    _clock_init                               - Undefined Weak Reference
    _microlib_exit                            - Undefined Weak Reference
    __Vectors_Size                           0x00000194   Number         0  startup_stm32f401xc.o ABSOLUTE
    __Vectors                                0x08000000   Data           4  startup_stm32f401xc.o(RESET)
    __Vectors_End                            0x08000194   Data           0  startup_stm32f401xc.o(RESET)
    __main                                   0x08000195   Thumb Code     0  entry.o(.ARM.Collect$$$$00000000)
    _main_stk                                0x08000195   Thumb Code     0  entry2.o(.ARM.Collect$$$$00000001)
    _main_scatterload                        0x08000199   Thumb Code     0  entry5.o(.ARM.Collect$$$$00000004)
    __main_after_scatterload                 0x0800019d   Thumb Code     0  entry5.o(.ARM.Collect$$$$00000004)
    _main_clock                              0x0800019d   Thumb Code     0  entry7b.o(.ARM.Collect$$$$00000008)
    _main_cpp_init                           0x0800019d   Thumb Code     0  entry8b.o(.ARM.Collect$$$$0000000A)
    _main_init                               0x0800019d   Thumb Code     0  entry9a.o(.ARM.Collect$$$$0000000B)
    __rt_final_cpp                           0x080001a5   Thumb Code     0  entry10a.o(.ARM.Collect$$$$0000000D)
    __rt_final_exit                          0x080001a5   Thumb Code     0  entry11a.o(.ARM.Collect$$$$0000000F)
    Reset_Handler                            0x080001a9   Thumb Code     8  startup_stm32f401xc.o(.text)
    ADC_IRQHandler                           0x080001c3   Thumb Code     0  startup_stm32f401xc.o(.text)
    DMA1_Stream0_IRQHandler                  0x080001c3   Thumb Code     0  startup_stm32f401xc.o(.text)
    DMA1_Stream1_IRQHandler                  0x080001c3   Thumb Code     0  startup_stm32f401xc.o(.text)
    DMA1_Stream2_IRQHandler                  0x080001c3   Thumb Code     0  startup_stm32f401xc.o(.text)
    DMA1_Stream3_IRQHandler                  0x080001c3   Thumb Code     0  startup_stm32f401xc.o(.text)
    DMA1_Stream4_IRQHandler                  0x080001c3   Thumb Code     0  startup_stm32f401xc.o(.text)
    DMA1_Stream5_IRQHandler                  0x080001c3   Thumb Code     0  startup_stm32f401xc.o(.text)
    DMA1_Stream6_IRQHandler                  0x080001c3   Thumb Code     0  startup_stm32f401xc.o(.text)
    DMA1_Stream7_IRQHandler                  0x080001c3   Thumb Code     0  startup_stm32f401xc.o(.text)
    DMA2_Stream0_IRQHandler                  0x080001c3   Thumb Code     0  startup_stm32f401xc.o(.text)
    DMA2_Stream1_IRQHandler                  0x080001c3   Thumb Code     0  startup_stm32f401xc.o(.text)
    DMA2_Stream2_IRQHandler                  0x080001c3   Thumb Code     0  startup_stm32f401xc.o(.text)
    DMA2_Stream3_IRQHandler                  0x080001c3   Thumb Code     0  startup_stm32f401xc.o(.text)
    DMA2_Stream4_IRQHandler                  0x080001c3   Thumb Code     0  startup_stm32f401xc.o(.text)
    DMA2_Stream5_IRQHandler                  0x080001c3   Thumb Code     0  startup_stm32f401xc.o(.text)
    DMA2_Stream6_IRQHandler                  0x080001c3   Thumb Code     0  startup_stm32f401xc.o(.text)
    EXTI0_IRQHandler                         0x080001c3   Thumb Code     0  startup_stm32f401xc.o(.text)
    EXTI15_10_IRQHandler                     0x080001c3   Thumb Code     0  startup_stm32f401xc.o(.text)
    EXTI1_IRQHandler                         0x080001c3   Thumb Code     0  startup_stm32f401xc.o(.text)
    EXTI2_IRQHandler                         0x080001c3   Thumb Code     0  startup_stm32f401xc.o(.text)
    EXTI3_IRQHandler                         0x080001c3   Thumb Code     0  startup_stm32f401xc.o(.text)
    EXTI4_IRQHandler                         0x080001c3   Thumb Code     0  startup_stm32f401xc.o(.text)
    EXTI9_5_IRQHandler                       0x080001c3   Thumb Code     0  startup_stm32f401xc.o(.text)
    FLASH_IRQHandler                         0x080001c3   Thumb Code     0  startup_stm32f401xc.o(.text)
    FPU_IRQHandler                           0x080001c3   Thumb Code     0  startup_stm32f401xc.o(.text)
    I2C1_ER_IRQHandler                       0x080001c3   Thumb Code     0  startup_stm32f401xc.o(.text)
    I2C1_EV_IRQHandler                       0x080001c3   Thumb Code     0  startup_stm32f401xc.o(.text)
    I2C2_ER_IRQHandler                       0x080001c3   Thumb Code     0  startup_stm32f401xc.o(.text)
    I2C2_EV_IRQHandler                       0x080001c3   Thumb Code     0  startup_stm32f401xc.o(.text)
    I2C3_ER_IRQHandler                       0x080001c3   Thumb Code     0  startup_stm32f401xc.o(.text)
    I2C3_EV_IRQHandler                       0x080001c3   Thumb Code     0  startup_stm32f401xc.o(.text)
    OTG_FS_IRQHandler                        0x080001c3   Thumb Code     0  startup_stm32f401xc.o(.text)
    OTG_FS_WKUP_IRQHandler                   0x080001c3   Thumb Code     0  startup_stm32f401xc.o(.text)
    PVD_IRQHandler                           0x080001c3   Thumb Code     0  startup_stm32f401xc.o(.text)
    RCC_IRQHandler                           0x080001c3   Thumb Code     0  startup_stm32f401xc.o(.text)
    RTC_Alarm_IRQHandler                     0x080001c3   Thumb Code     0  startup_stm32f401xc.o(.text)
    RTC_WKUP_IRQHandler                      0x080001c3   Thumb Code     0  startup_stm32f401xc.o(.text)
    SDIO_IRQHandler                          0x080001c3   Thumb Code     0  startup_stm32f401xc.o(.text)
    SPI1_IRQHandler                          0x080001c3   Thumb Code     0  startup_stm32f401xc.o(.text)
    SPI2_IRQHandler                          0x080001c3   Thumb Code     0  startup_stm32f401xc.o(.text)
    SPI3_IRQHandler                          0x080001c3   Thumb Code     0  startup_stm32f401xc.o(.text)
    SPI4_IRQHandler                          0x080001c3   Thumb Code     0  startup_stm32f401xc.o(.text)
    TAMP_STAMP_IRQHandler                    0x080001c3   Thumb Code     0  startup_stm32f401xc.o(.text)
    TIM1_BRK_TIM9_IRQHandler                 0x080001c3   Thumb Code     0  startup_stm32f401xc.o(.text)
    TIM1_CC_IRQHandler                       0x080001c3   Thumb Code     0  startup_stm32f401xc.o(.text)
    TIM1_TRG_COM_TIM11_IRQHandler            0x080001c3   Thumb Code     0  startup_stm32f401xc.o(.text)
    TIM1_UP_TIM10_IRQHandler                 0x080001c3   Thumb Code     0  startup_stm32f401xc.o(.text)
    TIM2_IRQHandler                          0x080001c3   Thumb Code     0  startup_stm32f401xc.o(.text)
    TIM3_IRQHandler                          0x080001c3   Thumb Code     0  startup_stm32f401xc.o(.text)
    TIM4_IRQHandler                          0x080001c3   Thumb Code     0  startup_stm32f401xc.o(.text)
    TIM5_IRQHandler                          0x080001c3   Thumb Code     0  startup_stm32f401xc.o(.text)
    USART1_IRQHandler                        0x080001c3   Thumb Code     0  startup_stm32f401xc.o(.text)
    USART2_IRQHandler                        0x080001c3   Thumb Code     0  startup_stm32f401xc.o(.text)
    USART6_IRQHandler                        0x080001c3   Thumb Code     0  startup_stm32f401xc.o(.text)
    WWDG_IRQHandler                          0x080001c3   Thumb Code     0  startup_stm32f401xc.o(.text)
    __aeabi_uldivmod                         0x080001cd   Thumb Code    98  uldiv.o(.text)
    __aeabi_memset                           0x0800022f   Thumb Code    14  memseta.o(.text)
    __aeabi_memset4                          0x0800022f   Thumb Code     0  memseta.o(.text)
    __aeabi_memset8                          0x0800022f   Thumb Code     0  memseta.o(.text)
    __aeabi_memclr                           0x0800023d   Thumb Code     4  memseta.o(.text)
    __aeabi_memclr4                          0x0800023d   Thumb Code     0  memseta.o(.text)
    __aeabi_memclr8                          0x0800023d   Thumb Code     0  memseta.o(.text)
    _memset$wrapper                          0x08000241   Thumb Code    18  memseta.o(.text)
    __aeabi_dadd                             0x08000253   Thumb Code   322  dadd.o(.text)
    __aeabi_dsub                             0x08000395   Thumb Code     6  dadd.o(.text)
    __aeabi_drsub                            0x0800039b   Thumb Code     6  dadd.o(.text)
    __aeabi_dmul                             0x080003a1   Thumb Code   228  dmul.o(.text)
    __aeabi_ddiv                             0x08000485   Thumb Code   222  ddiv.o(.text)
    __aeabi_i2d                              0x08000563   Thumb Code    34  dflti.o(.text)
    __aeabi_ui2d                             0x08000585   Thumb Code    26  dfltui.o(.text)
    __aeabi_f2d                              0x0800059f   Thumb Code    38  f2d.o(.text)
    __aeabi_d2f                              0x080005c5   Thumb Code    56  d2f.o(.text)
    __aeabi_llsl                             0x080005fd   Thumb Code    30  llshl.o(.text)
    _ll_shift_l                              0x080005fd   Thumb Code     0  llshl.o(.text)
    __aeabi_llsr                             0x0800061b   Thumb Code    32  llushr.o(.text)
    _ll_ushift_r                             0x0800061b   Thumb Code     0  llushr.o(.text)
    __aeabi_lasr                             0x0800063b   Thumb Code    36  llsshr.o(.text)
    _ll_sshift_r                             0x0800063b   Thumb Code     0  llsshr.o(.text)
    __I$use$fp                               0x0800065f   Thumb Code     0  iusefp.o(.text)
    _float_round                             0x0800065f   Thumb Code    18  fepilogue.o(.text)
    _float_epilogue                          0x08000671   Thumb Code    92  fepilogue.o(.text)
    _double_round                            0x080006cd   Thumb Code    30  depilogue.o(.text)
    _double_epilogue                         0x080006eb   Thumb Code   156  depilogue.o(.text)
    __ARM_scalbn                             0x08000787   Thumb Code    46  dscalb.o(.text)
    scalbn                                   0x08000787   Thumb Code     0  dscalb.o(.text)
    _dsqrt                                   0x080007b5   Thumb Code   162  dsqrt.o(.text)
    __aeabi_cdrcmple                         0x08000859   Thumb Code    48  cdrcmple.o(.text)
    __scatterload                            0x08000889   Thumb Code    28  init.o(.text)
    __scatterload_rt2                        0x08000889   Thumb Code     0  init.o(.text)
    Long Thumb to Thumb Veneer to MLX90640_CalculateTo 0x080008ad   Thumb Code    10  anon$$obj.o(Veneer$$Code)
    All_Init                                 0x080008b7   Thumb Code    30  main.o(i.All_Init)
    BusFault_Handler                         0x080008d5   Thumb Code     4  stm32f4xx_it.o(i.BusFault_Handler)
    CheckAdjacentPixels                      0x080008d9   Thumb Code    58  mlx90640_api.o(i.CheckAdjacentPixels)
    CheckEEPROMValid                         0x08000913   Thumb Code    20  mlx90640_api.o(i.CheckEEPROMValid)
    DMA2_Stream7_IRQHandler                  0x08000927   Thumb Code     2  stm32f4xx_it.o(i.DMA2_Stream7_IRQHandler)
    DebugMon_Handler                         0x08000a33   Thumb Code     2  stm32f4xx_it.o(i.DebugMon_Handler)
    Delay_Init                               0x08000a35   Thumb Code    66  delay.o(i.Delay_Init)
    ExtractAlphaParameters                   0x08000a81   Thumb Code   616  mlx90640_api.o(i.ExtractAlphaParameters)
    ExtractCILCParameters                    0x08000cf5   Thumb Code   268  mlx90640_api.o(i.ExtractCILCParameters)
    ExtractCPParameters                      0x08000e09   Thumb Code   598  mlx90640_api.o(i.ExtractCPParameters)
    ExtractDeviatingPixels                   0x08001081   Thumb Code   350  mlx90640_api.o(i.ExtractDeviatingPixels)
    ExtractGainParameters                    0x080011df   Thumb Code    20  mlx90640_api.o(i.ExtractGainParameters)
    ExtractKsTaParameters                    0x080011f5   Thumb Code    62  mlx90640_api.o(i.ExtractKsTaParameters)
    ExtractKsToParameters                    0x08001241   Thumb Code   262  mlx90640_api.o(i.ExtractKsToParameters)
    ExtractKtaPixelParameters                0x08001351   Thumb Code   512  mlx90640_api.o(i.ExtractKtaPixelParameters)
    ExtractKvPixelParameters                 0x08001559   Thumb Code   348  mlx90640_api.o(i.ExtractKvPixelParameters)
    ExtractOffsetParameters                  0x080016bd   Thumb Code   448  mlx90640_api.o(i.ExtractOffsetParameters)
    ExtractPTATParameters                    0x0800187d   Thumb Code   216  mlx90640_api.o(i.ExtractPTATParameters)
    ExtractResolutionParameters              0x0800197d   Thumb Code    14  mlx90640_api.o(i.ExtractResolutionParameters)
    ExtractTgcParameters                     0x0800198d   Thumb Code    60  mlx90640_api.o(i.ExtractTgcParameters)
    ExtractVDDParameters                     0x080019d5   Thumb Code    52  mlx90640_api.o(i.ExtractVDDParameters)
    HAL_DMA_DeInit                           0x08001a09   Thumb Code    98  stm32f4xx_hal_dma.o(i.HAL_DMA_DeInit)
    HAL_DMA_Init                             0x08001a6d   Thumb Code   232  stm32f4xx_hal_dma.o(i.HAL_DMA_Init)
    HAL_DMA_Start                            0x08001b59   Thumb Code   102  stm32f4xx_hal_dma.o(i.HAL_DMA_Start)
    HAL_DMA_Start_IT                         0x08001bbf   Thumb Code   158  stm32f4xx_hal_dma.o(i.HAL_DMA_Start_IT)
    HAL_GPIO_DeInit                          0x08001c5d   Thumb Code   282  stm32f4xx_hal_gpio.o(i.HAL_GPIO_DeInit)
    HAL_GPIO_Init                            0x08001d95   Thumb Code   436  stm32f4xx_hal_gpio.o(i.HAL_GPIO_Init)
    HAL_GPIO_WritePin                        0x08001f69   Thumb Code    12  stm32f4xx_hal_gpio.o(i.HAL_GPIO_WritePin)
    HAL_GetTick                              0x08001f75   Thumb Code     6  stm32f4xx_hal.o(i.HAL_GetTick)
    HAL_IncTick                              0x08001f81   Thumb Code    16  stm32f4xx_hal.o(i.HAL_IncTick)
    HAL_Init                                 0x08001f99   Thumb Code    54  stm32f4xx_hal.o(i.HAL_Init)
    HAL_InitTick                             0x08001fd5   Thumb Code    64  stm32f4xx_hal.o(i.HAL_InitTick)
    HAL_MspInit                              0x08002021   Thumb Code   150  stm32f4xx_hal_msp.o(i.HAL_MspInit)
    HAL_NVIC_SetPriority                     0x080020bd   Thumb Code   124  stm32f4xx_hal_cortex.o(i.HAL_NVIC_SetPriority)
    HAL_NVIC_SetPriorityGrouping             0x08002139   Thumb Code    32  stm32f4xx_hal_cortex.o(i.HAL_NVIC_SetPriorityGrouping)
    HAL_RCC_ClockConfig                      0x08002161   Thumb Code   366  stm32f4xx_hal_rcc.o(i.HAL_RCC_ClockConfig)
    HAL_RCC_GetHCLKFreq                      0x080022e1   Thumb Code     6  stm32f4xx_hal_rcc.o(i.HAL_RCC_GetHCLKFreq)
    HAL_RCC_GetPCLK1Freq                     0x080022ed   Thumb Code    22  stm32f4xx_hal_rcc.o(i.HAL_RCC_GetPCLK1Freq)
    HAL_RCC_GetPCLK2Freq                     0x0800230d   Thumb Code    22  stm32f4xx_hal_rcc.o(i.HAL_RCC_GetPCLK2Freq)
    HAL_RCC_GetSysClockFreq                  0x0800232d   Thumb Code   162  stm32f4xx_hal_rcc.o(i.HAL_RCC_GetSysClockFreq)
    HAL_RCC_OscConfig                        0x080023dd   Thumb Code  1086  stm32f4xx_hal_rcc.o(i.HAL_RCC_OscConfig)
    HAL_SYSTICK_CLKSourceConfig              0x08002825   Thumb Code    40  stm32f4xx_hal_cortex.o(i.HAL_SYSTICK_CLKSourceConfig)
    HAL_SYSTICK_Callback                     0x0800284d   Thumb Code     2  stm32f4xx_hal_cortex.o(i.HAL_SYSTICK_Callback)
    HAL_SYSTICK_Config                       0x0800284f   Thumb Code    52  stm32f4xx_hal_cortex.o(i.HAL_SYSTICK_Config)
    HAL_SYSTICK_IRQHandler                   0x08002883   Thumb Code     8  stm32f4xx_hal_cortex.o(i.HAL_SYSTICK_IRQHandler)
    HAL_UART_DeInit                          0x0800288b   Thumb Code    46  stm32f4xx_hal_uart.o(i.HAL_UART_DeInit)
    HAL_UART_ErrorCallback                   0x080028b9   Thumb Code     2  stm32f4xx_hal_uart.o(i.HAL_UART_ErrorCallback)
    HAL_UART_Init                            0x080028bb   Thumb Code   114  stm32f4xx_hal_uart.o(i.HAL_UART_Init)
    HAL_UART_MspDeInit                       0x0800292d   Thumb Code    42  stm32f4xx_hal_msp.o(i.HAL_UART_MspDeInit)
    HAL_UART_MspInit                         0x08002965   Thumb Code    80  stm32f4xx_hal_msp.o(i.HAL_UART_MspInit)
    HAL_UART_Transmit_DMA                    0x080029c1   Thumb Code   142  stm32f4xx_hal_uart.o(i.HAL_UART_Transmit_DMA)
    HAL_UART_TxCpltCallback                  0x08002a5d   Thumb Code     2  stm32f4xx_hal_uart.o(i.HAL_UART_TxCpltCallback)
    HAL_UART_TxHalfCpltCallback              0x08002a5f   Thumb Code     2  stm32f4xx_hal_uart.o(i.HAL_UART_TxHalfCpltCallback)
    HardFault_Handler                        0x08002a61   Thumb Code     4  stm32f4xx_it.o(i.HardFault_Handler)
    I2CReadBytes                             0x08002a65   Thumb Code   158  mlx90640_swi2c_driver.o(i.I2CReadBytes)
    I2CReceiveAck                            0x08002b0d   Thumb Code    94  mlx90640_swi2c_driver.o(i.I2CReceiveAck)
    I2CRepeatedStart                         0x08002b75   Thumb Code    94  mlx90640_swi2c_driver.o(i.I2CRepeatedStart)
    I2CSendACK                               0x08002bdd   Thumb Code    84  mlx90640_swi2c_driver.o(i.I2CSendACK)
    I2CSendByte                              0x08002c39   Thumb Code   128  mlx90640_swi2c_driver.o(i.I2CSendByte)
    I2CSendNack                              0x08002cc1   Thumb Code    82  mlx90640_swi2c_driver.o(i.I2CSendNack)
    I2CStart                                 0x08002d1d   Thumb Code    80  mlx90640_swi2c_driver.o(i.I2CStart)
    I2CStop                                  0x08002d75   Thumb Code    70  mlx90640_swi2c_driver.o(i.I2CStop)
    MLX90640_DumpEE                          0x08002dc5   Thumb Code    24  mlx90640_api.o(i.MLX90640_DumpEE)
    MLX90640_ExtractParameters               0x08002ddd   Thumb Code   136  mlx90640_api.o(i.MLX90640_ExtractParameters)
    MLX90640_GetFrameData                    0x08002e65   Thumb Code   196  mlx90640_api.o(i.MLX90640_GetFrameData)
    MLX90640_GetTa                           0x08002f29   Thumb Code   244  mlx90640_api.o(i.MLX90640_GetTa)
    MLX90640_GetVdd                          0x08003039   Thumb Code   208  mlx90640_api.o(i.MLX90640_GetVdd)
    MLX90640_I2CRead                         0x0800311d   Thumb Code   246  mlx90640_swi2c_driver.o(i.MLX90640_I2CRead)
    MLX90640_I2CWrite                        0x08003219   Thumb Code   154  mlx90640_swi2c_driver.o(i.MLX90640_I2CWrite)
    MLX90640_SetChessMode                    0x080032bd   Thumb Code    48  mlx90640_api.o(i.MLX90640_SetChessMode)
    MLX90640_SetRefreshRate                  0x080032ed   Thumb Code    58  mlx90640_api.o(i.MLX90640_SetRefreshRate)
    MYDMA_Config                             0x080033b5   Thumb Code   116  usart.o(i.MYDMA_Config)
    MemManage_Handler                        0x08003435   Thumb Code     4  stm32f4xx_it.o(i.MemManage_Handler)
    NMI_Handler                              0x08003439   Thumb Code     2  stm32f4xx_it.o(i.NMI_Handler)
    PendSV_Handler                           0x08003475   Thumb Code     2  stm32f4xx_it.o(i.PendSV_Handler)
    SVC_Handler                              0x08003477   Thumb Code     2  stm32f4xx_it.o(i.SVC_Handler)
    SysTick_Handler                          0x08003479   Thumb Code    12  stm32f4xx_it.o(i.SysTick_Handler)
    SystemClock_Config                       0x08003485   Thumb Code   198  main.o(i.SystemClock_Config)
    SystemInit                               0x08003565   Thumb Code    82  system_stm32f4xx.o(i.SystemInit)
    UsageFault_Handler                       0x080039f9   Thumb Code     4  stm32f4xx_it.o(i.UsageFault_Handler)
    Wait                                     0x080039fd   Thumb Code    14  mlx90640_swi2c_driver.o(i.Wait)
    _Error_Handler                           0x08003a0b   Thumb Code     4  main.o(i._Error_Handler)
    __ARM_fpclassify                         0x08003a0f   Thumb Code    48  fpclassify.o(i.__ARM_fpclassify)
    __hardfp_pow                             0x08003a41   Thumb Code  3072  pow.o(i.__hardfp_pow)
    __hardfp_sqrt                            0x08004691   Thumb Code   122  sqrt.o(i.__hardfp_sqrt)
    __kernel_poly                            0x0800470b   Thumb Code   248  poly.o(i.__kernel_poly)
    __mathlib_dbl_divzero                    0x08004809   Thumb Code    28  dunder.o(i.__mathlib_dbl_divzero)
    __mathlib_dbl_infnan2                    0x08004839   Thumb Code    20  dunder.o(i.__mathlib_dbl_infnan2)
    __mathlib_dbl_invalid                    0x08004851   Thumb Code    24  dunder.o(i.__mathlib_dbl_invalid)
    __mathlib_dbl_overflow                   0x08004871   Thumb Code    24  dunder.o(i.__mathlib_dbl_overflow)
    __mathlib_dbl_underflow                  0x08004891   Thumb Code    24  dunder.o(i.__mathlib_dbl_underflow)
    __scatterload_copy                       0x080048b1   Thumb Code    14  handlers.o(i.__scatterload_copy)
    __scatterload_null                       0x080048bf   Thumb Code     2  handlers.o(i.__scatterload_null)
    __scatterload_zeroinit                   0x080048c1   Thumb Code    14  handlers.o(i.__scatterload_zeroinit)
    __set_errno                              0x080048d1   Thumb Code     6  errno.o(i.__set_errno)
    delay_ms                                 0x080048dd   Thumb Code    62  delay.o(i.delay_ms)
    fabs                                     0x08004921   Thumb Code    24  fabs.o(i.fabs)
    main                                     0x08004939   Thumb Code   376  main.o(i.main)
    sqrt                                     0x08004ac9   Thumb Code   110  sqrt.o(i.sqrt)
    uart_init                                0x08004b39   Thumb Code    66  usart.o(i.uart_init)
    AHBPrescTable                            0x08004b98   Data          16  system_stm32f4xx.o(.constdata)
    APBPrescTable                            0x08004ba8   Data           8  system_stm32f4xx.o(.constdata)
    __mathlib_zero                           0x08004c38   Data           8  qnan.o(.constdata)
    Region$$Table$$Base                      0x08004c40   Number         0  anon$$obj.o(Region$$Table)
    Region$$Table$$Limit                     0x08004c70   Number         0  anon$$obj.o(Region$$Table)
    MLX90640_CalculateTo                     0x20000001   Thumb Code  1762  mlx90640_api.o(RAMCODE)
    Long Thumb to Thumb Veneer to MLX90640_GetVdd 0x200006fd   Thumb Code    10  anon$$obj.o(Veneer$$Code)
    Long Thumb to Thumb Veneer to MLX90640_GetTa 0x20000707   Thumb Code    10  anon$$obj.o(Veneer$$Code)
    Long Thumb to Thumb Veneer to __aeabi_f2d 0x20000711   Thumb Code    10  anon$$obj.o(Veneer$$Code)
    Long Thumb to Thumb Veneer to __hardfp_pow 0x2000071b   Thumb Code    10  anon$$obj.o(Veneer$$Code)
    Long Thumb to Thumb Veneer to __aeabi_d2f 0x20000725   Thumb Code    10  anon$$obj.o(Veneer$$Code)
    Long Thumb to Thumb Veneer to __aeabi_dmul 0x2000072f   Thumb Code    10  anon$$obj.o(Veneer$$Code)
    Long Thumb to Thumb Veneer to __hardfp_sqrt 0x20000739   Thumb Code    10  anon$$obj.o(Veneer$$Code)
    Long Thumb to Thumb Veneer to __aeabi_dsub 0x20000743   Thumb Code    10  anon$$obj.o(Veneer$$Code)
    uwTick                                   0x2000074c   Data           4  stm32f4xx_hal.o(.data)
    uwTickPrio                               0x20000750   Data           4  stm32f4xx_hal.o(.data)
    uwTickFreq                               0x20000754   Data           1  stm32f4xx_hal.o(.data)
    SystemCoreClock                          0x20000758   Data           4  system_stm32f4xx.o(.data)
    fac_ms                                   0x2000075c   Data           2  delay.o(.data)
    fac_us                                   0x2000075e   Data           1  delay.o(.data)
    ntime                                    0x20000760   Data           2  delay.o(.data)
    UsartBuff                                0x200019f0   Data        1544  usart.o(.bss)
    UART1_Handler                            0x20001ff8   Data          64  usart.o(.bss)
    UART1TxDMA_Handler                       0x20002038   Data          96  usart.o(.bss)
    __initial_sp                             0x20007098   Data           0  startup_stm32f401xc.o(STACK)



==============================================================================

Memory Map of the image

  Image Entry point : 0x08000195

  Load Region LR_IROM1 (Base: 0x08000000, Size: 0x000053e0, Max: 0x00040000, ABSOLUTE)

    Execution Region ER_IROM1 (Exec base: 0x08000000, Load base: 0x08000000, Size: 0x00004c70, Max: 0x00040000, ABSOLUTE)

    Exec Addr    Load Addr    Size         Type   Attr      Idx    E Section Name        Object

    0x08000000   0x08000000   0x00000194   Data   RO            3    RESET               startup_stm32f401xc.o
    0x08000194   0x08000194   0x00000000   Code   RO         2254  * .ARM.Collect$$$$00000000  mc_w.l(entry.o)
    0x08000194   0x08000194   0x00000004   Code   RO         2300    .ARM.Collect$$$$00000001  mc_w.l(entry2.o)
    0x08000198   0x08000198   0x00000004   Code   RO         2303    .ARM.Collect$$$$00000004  mc_w.l(entry5.o)
    0x0800019c   0x0800019c   0x00000000   Code   RO         2305    .ARM.Collect$$$$00000008  mc_w.l(entry7b.o)
    0x0800019c   0x0800019c   0x00000000   Code   RO         2307    .ARM.Collect$$$$0000000A  mc_w.l(entry8b.o)
    0x0800019c   0x0800019c   0x00000008   Code   RO         2308    .ARM.Collect$$$$0000000B  mc_w.l(entry9a.o)
    0x080001a4   0x080001a4   0x00000000   Code   RO         2310    .ARM.Collect$$$$0000000D  mc_w.l(entry10a.o)
    0x080001a4   0x080001a4   0x00000000   Code   RO         2312    .ARM.Collect$$$$0000000F  mc_w.l(entry11a.o)
    0x080001a4   0x080001a4   0x00000004   Code   RO         2301    .ARM.Collect$$$$00002712  mc_w.l(entry2.o)
    0x080001a8   0x080001a8   0x00000024   Code   RO            4    .text               startup_stm32f401xc.o
    0x080001cc   0x080001cc   0x00000062   Code   RO         2257    .text               mc_w.l(uldiv.o)
    0x0800022e   0x0800022e   0x00000024   Code   RO         2259    .text               mc_w.l(memseta.o)
    0x08000252   0x08000252   0x0000014e   Code   RO         2261    .text               mf_w.l(dadd.o)
    0x080003a0   0x080003a0   0x000000e4   Code   RO         2263    .text               mf_w.l(dmul.o)
    0x08000484   0x08000484   0x000000de   Code   RO         2265    .text               mf_w.l(ddiv.o)
    0x08000562   0x08000562   0x00000022   Code   RO         2267    .text               mf_w.l(dflti.o)
    0x08000584   0x08000584   0x0000001a   Code   RO         2269    .text               mf_w.l(dfltui.o)
    0x0800059e   0x0800059e   0x00000026   Code   RO         2271    .text               mf_w.l(f2d.o)
    0x080005c4   0x080005c4   0x00000038   Code   RO         2273    .text               mf_w.l(d2f.o)
    0x080005fc   0x080005fc   0x0000001e   Code   RO         2314    .text               mc_w.l(llshl.o)
    0x0800061a   0x0800061a   0x00000020   Code   RO         2316    .text               mc_w.l(llushr.o)
    0x0800063a   0x0800063a   0x00000024   Code   RO         2318    .text               mc_w.l(llsshr.o)
    0x0800065e   0x0800065e   0x00000000   Code   RO         2327    .text               mc_w.l(iusefp.o)
    0x0800065e   0x0800065e   0x0000006e   Code   RO         2328    .text               mf_w.l(fepilogue.o)
    0x080006cc   0x080006cc   0x000000ba   Code   RO         2330    .text               mf_w.l(depilogue.o)
    0x08000786   0x08000786   0x0000002e   Code   RO         2334    .text               mf_w.l(dscalb.o)
    0x080007b4   0x080007b4   0x000000a2   Code   RO         2336    .text               mf_w.l(dsqrt.o)
    0x08000856   0x08000856   0x00000002   PAD
    0x08000858   0x08000858   0x00000030   Code   RO         2340    .text               mf_w.l(cdrcmple.o)
    0x08000888   0x08000888   0x00000024   Code   RO         2342    .text               mc_w.l(init.o)
    0x080008ac   0x080008ac   0x0000000a   Ven    RO         2352    Veneer$$Code        anon$$obj.o
    0x080008b6   0x080008b6   0x0000001e   Code   RO           13    i.All_Init          main.o
    0x080008d4   0x080008d4   0x00000004   Code   RO          163    i.BusFault_Handler  stm32f4xx_it.o
    0x080008d8   0x080008d8   0x0000003a   Code   RO         2024    i.CheckAdjacentPixels  mlx90640_api.o
    0x08000912   0x08000912   0x00000014   Code   RO         2025    i.CheckEEPROMValid  mlx90640_api.o
    0x08000926   0x08000926   0x00000002   Code   RO          164    i.DMA2_Stream7_IRQHandler  stm32f4xx_it.o
    0x08000928   0x08000928   0x00000034   Code   RO         1186    i.DMA_CalcBaseAndBitshift  stm32f4xx_hal_dma.o
    0x0800095c   0x0800095c   0x000000aa   Code   RO         1187    i.DMA_CheckFifoParam  stm32f4xx_hal_dma.o
    0x08000a06   0x08000a06   0x0000002c   Code   RO         1188    i.DMA_SetConfig     stm32f4xx_hal_dma.o
    0x08000a32   0x08000a32   0x00000002   Code   RO          165    i.DebugMon_Handler  stm32f4xx_it.o
    0x08000a34   0x08000a34   0x0000004c   Code   RO         1839    i.Delay_Init        delay.o
    0x08000a80   0x08000a80   0x00000274   Code   RO         2026    i.ExtractAlphaParameters  mlx90640_api.o
    0x08000cf4   0x08000cf4   0x00000114   Code   RO         2027    i.ExtractCILCParameters  mlx90640_api.o
    0x08000e08   0x08000e08   0x00000278   Code   RO         2028    i.ExtractCPParameters  mlx90640_api.o
    0x08001080   0x08001080   0x0000015e   Code   RO         2029    i.ExtractDeviatingPixels  mlx90640_api.o
    0x080011de   0x080011de   0x00000014   Code   RO         2030    i.ExtractGainParameters  mlx90640_api.o
    0x080011f2   0x080011f2   0x00000002   PAD
    0x080011f4   0x080011f4   0x0000004c   Code   RO         2031    i.ExtractKsTaParameters  mlx90640_api.o
    0x08001240   0x08001240   0x00000110   Code   RO         2032    i.ExtractKsToParameters  mlx90640_api.o
    0x08001350   0x08001350   0x00000208   Code   RO         2033    i.ExtractKtaPixelParameters  mlx90640_api.o
    0x08001558   0x08001558   0x00000164   Code   RO         2034    i.ExtractKvPixelParameters  mlx90640_api.o
    0x080016bc   0x080016bc   0x000001c0   Code   RO         2035    i.ExtractOffsetParameters  mlx90640_api.o
    0x0800187c   0x0800187c   0x00000100   Code   RO         2036    i.ExtractPTATParameters  mlx90640_api.o
    0x0800197c   0x0800197c   0x0000000e   Code   RO         2037    i.ExtractResolutionParameters  mlx90640_api.o
    0x0800198a   0x0800198a   0x00000002   PAD
    0x0800198c   0x0800198c   0x00000048   Code   RO         2038    i.ExtractTgcParameters  mlx90640_api.o
    0x080019d4   0x080019d4   0x00000034   Code   RO         2039    i.ExtractVDDParameters  mlx90640_api.o
    0x08001a08   0x08001a08   0x00000062   Code   RO         1191    i.HAL_DMA_DeInit    stm32f4xx_hal_dma.o
    0x08001a6a   0x08001a6a   0x00000002   PAD
    0x08001a6c   0x08001a6c   0x000000ec   Code   RO         1195    i.HAL_DMA_Init      stm32f4xx_hal_dma.o
    0x08001b58   0x08001b58   0x00000066   Code   RO         1198    i.HAL_DMA_Start     stm32f4xx_hal_dma.o
    0x08001bbe   0x08001bbe   0x0000009e   Code   RO         1199    i.HAL_DMA_Start_IT  stm32f4xx_hal_dma.o
    0x08001c5c   0x08001c5c   0x00000138   Code   RO         1079    i.HAL_GPIO_DeInit   stm32f4xx_hal_gpio.o
    0x08001d94   0x08001d94   0x000001d4   Code   RO         1082    i.HAL_GPIO_Init     stm32f4xx_hal_gpio.o
    0x08001f68   0x08001f68   0x0000000c   Code   RO         1086    i.HAL_GPIO_WritePin  stm32f4xx_hal_gpio.o
    0x08001f74   0x08001f74   0x0000000c   Code   RO         1643    i.HAL_GetTick       stm32f4xx_hal.o
    0x08001f80   0x08001f80   0x00000018   Code   RO         1647    i.HAL_IncTick       stm32f4xx_hal.o
    0x08001f98   0x08001f98   0x0000003c   Code   RO         1648    i.HAL_Init          stm32f4xx_hal.o
    0x08001fd4   0x08001fd4   0x0000004c   Code   RO         1649    i.HAL_InitTick      stm32f4xx_hal.o
    0x08002020   0x08002020   0x0000009c   Code   RO          244    i.HAL_MspInit       stm32f4xx_hal_msp.o
    0x080020bc   0x080020bc   0x0000007c   Code   RO         1501    i.HAL_NVIC_SetPriority  stm32f4xx_hal_cortex.o
    0x08002138   0x08002138   0x00000028   Code   RO         1502    i.HAL_NVIC_SetPriorityGrouping  stm32f4xx_hal_cortex.o
    0x08002160   0x08002160   0x00000180   Code   RO          649    i.HAL_RCC_ClockConfig  stm32f4xx_hal_rcc.o
    0x080022e0   0x080022e0   0x0000000c   Code   RO          654    i.HAL_RCC_GetHCLKFreq  stm32f4xx_hal_rcc.o
    0x080022ec   0x080022ec   0x00000020   Code   RO          656    i.HAL_RCC_GetPCLK1Freq  stm32f4xx_hal_rcc.o
    0x0800230c   0x0800230c   0x00000020   Code   RO          657    i.HAL_RCC_GetPCLK2Freq  stm32f4xx_hal_rcc.o
    0x0800232c   0x0800232c   0x000000b0   Code   RO          658    i.HAL_RCC_GetSysClockFreq  stm32f4xx_hal_rcc.o
    0x080023dc   0x080023dc   0x00000448   Code   RO          661    i.HAL_RCC_OscConfig  stm32f4xx_hal_rcc.o
    0x08002824   0x08002824   0x00000028   Code   RO         1504    i.HAL_SYSTICK_CLKSourceConfig  stm32f4xx_hal_cortex.o
    0x0800284c   0x0800284c   0x00000002   Code   RO         1505    i.HAL_SYSTICK_Callback  stm32f4xx_hal_cortex.o
    0x0800284e   0x0800284e   0x00000034   Code   RO         1506    i.HAL_SYSTICK_Config  stm32f4xx_hal_cortex.o
    0x08002882   0x08002882   0x00000008   Code   RO         1507    i.HAL_SYSTICK_IRQHandler  stm32f4xx_hal_cortex.o
    0x0800288a   0x0800288a   0x0000002e   Code   RO          337    i.HAL_UART_DeInit   stm32f4xx_hal_uart.o
    0x080028b8   0x080028b8   0x00000002   Code   RO          338    i.HAL_UART_ErrorCallback  stm32f4xx_hal_uart.o
    0x080028ba   0x080028ba   0x00000072   Code   RO          342    i.HAL_UART_Init     stm32f4xx_hal_uart.o
    0x0800292c   0x0800292c   0x00000038   Code   RO          245    i.HAL_UART_MspDeInit  stm32f4xx_hal_msp.o
    0x08002964   0x08002964   0x0000005c   Code   RO          246    i.HAL_UART_MspInit  stm32f4xx_hal_msp.o
    0x080029c0   0x080029c0   0x0000009c   Code   RO          351    i.HAL_UART_Transmit_DMA  stm32f4xx_hal_uart.o
    0x08002a5c   0x08002a5c   0x00000002   Code   RO          353    i.HAL_UART_TxCpltCallback  stm32f4xx_hal_uart.o
    0x08002a5e   0x08002a5e   0x00000002   Code   RO          354    i.HAL_UART_TxHalfCpltCallback  stm32f4xx_hal_uart.o
    0x08002a60   0x08002a60   0x00000004   Code   RO          166    i.HardFault_Handler  stm32f4xx_it.o
    0x08002a64   0x08002a64   0x000000a8   Code   RO         1922    i.I2CReadBytes      mlx90640_swi2c_driver.o
    0x08002b0c   0x08002b0c   0x00000068   Code   RO         1923    i.I2CReceiveAck     mlx90640_swi2c_driver.o
    0x08002b74   0x08002b74   0x00000068   Code   RO         1924    i.I2CRepeatedStart  mlx90640_swi2c_driver.o
    0x08002bdc   0x08002bdc   0x0000005c   Code   RO         1925    i.I2CSendACK        mlx90640_swi2c_driver.o
    0x08002c38   0x08002c38   0x00000088   Code   RO         1926    i.I2CSendByte       mlx90640_swi2c_driver.o
    0x08002cc0   0x08002cc0   0x0000005c   Code   RO         1927    i.I2CSendNack       mlx90640_swi2c_driver.o
    0x08002d1c   0x08002d1c   0x00000058   Code   RO         1928    i.I2CStart          mlx90640_swi2c_driver.o
    0x08002d74   0x08002d74   0x00000050   Code   RO         1929    i.I2CStop           mlx90640_swi2c_driver.o
    0x08002dc4   0x08002dc4   0x00000018   Code   RO         2040    i.MLX90640_DumpEE   mlx90640_api.o
    0x08002ddc   0x08002ddc   0x00000088   Code   RO         2041    i.MLX90640_ExtractParameters  mlx90640_api.o
    0x08002e64   0x08002e64   0x000000c4   Code   RO         2044    i.MLX90640_GetFrameData  mlx90640_api.o
    0x08002f28   0x08002f28   0x00000110   Code   RO         2048    i.MLX90640_GetTa    mlx90640_api.o
    0x08003038   0x08003038   0x000000e4   Code   RO         2049    i.MLX90640_GetVdd   mlx90640_api.o
    0x0800311c   0x0800311c   0x000000fc   Code   RO         1932    i.MLX90640_I2CRead  mlx90640_swi2c_driver.o
    0x08003218   0x08003218   0x000000a4   Code   RO         1933    i.MLX90640_I2CWrite  mlx90640_swi2c_driver.o
    0x080032bc   0x080032bc   0x00000030   Code   RO         2050    i.MLX90640_SetChessMode  mlx90640_api.o
    0x080032ec   0x080032ec   0x0000003a   Code   RO         2052    i.MLX90640_SetRefreshRate  mlx90640_api.o
    0x08003326   0x08003326   0x00000002   PAD
    0x08003328   0x08003328   0x0000008c   Code   RO           14    i.MX_GPIO_Init      main.o
    0x080033b4   0x080033b4   0x00000080   Code   RO         1886    i.MYDMA_Config      usart.o
    0x08003434   0x08003434   0x00000004   Code   RO          167    i.MemManage_Handler  stm32f4xx_it.o
    0x08003438   0x08003438   0x00000002   Code   RO          168    i.NMI_Handler       stm32f4xx_it.o
    0x0800343a   0x0800343a   0x00000002   PAD
    0x0800343c   0x0800343c   0x00000010   Code   RO         1508    i.NVIC_GetPriorityGrouping  stm32f4xx_hal_cortex.o
    0x0800344c   0x0800344c   0x00000028   Code   RO         1509    i.NVIC_SetPriority  stm32f4xx_hal_cortex.o
    0x08003474   0x08003474   0x00000002   Code   RO          169    i.PendSV_Handler    stm32f4xx_it.o
    0x08003476   0x08003476   0x00000002   Code   RO          170    i.SVC_Handler       stm32f4xx_it.o
    0x08003478   0x08003478   0x0000000c   Code   RO          171    i.SysTick_Handler   stm32f4xx_it.o
    0x08003484   0x08003484   0x000000e0   Code   RO           15    i.SystemClock_Config  main.o
    0x08003564   0x08003564   0x00000064   Code   RO         1802    i.SystemInit        system_stm32f4xx.o
    0x080035c8   0x080035c8   0x00000050   Code   RO          356    i.UART_DMAError     stm32f4xx_hal_uart.o
    0x08003618   0x08003618   0x00000036   Code   RO          361    i.UART_DMATransmitCplt  stm32f4xx_hal_uart.o
    0x0800364e   0x0800364e   0x0000000e   Code   RO          363    i.UART_DMATxHalfCplt  stm32f4xx_hal_uart.o
    0x0800365c   0x0800365c   0x00000020   Code   RO          365    i.UART_EndRxTransfer  stm32f4xx_hal_uart.o
    0x0800367c   0x0800367c   0x00000014   Code   RO          367    i.UART_EndTxTransfer  stm32f4xx_hal_uart.o
    0x08003690   0x08003690   0x00000368   Code   RO          369    i.UART_SetConfig    stm32f4xx_hal_uart.o
    0x080039f8   0x080039f8   0x00000004   Code   RO          172    i.UsageFault_Handler  stm32f4xx_it.o
    0x080039fc   0x080039fc   0x0000000e   Code   RO         1934    i.Wait              mlx90640_swi2c_driver.o
    0x08003a0a   0x08003a0a   0x00000004   Code   RO           16    i._Error_Handler    main.o
    0x08003a0e   0x08003a0e   0x00000030   Code   RO         2295    i.__ARM_fpclassify  m_wm.l(fpclassify.o)
    0x08003a3e   0x08003a3e   0x00000002   PAD
    0x08003a40   0x08003a40   0x00000c50   Code   RO         2228    i.__hardfp_pow      m_wm.l(pow.o)
    0x08004690   0x08004690   0x0000007a   Code   RO         2242    i.__hardfp_sqrt     m_wm.l(sqrt.o)
    0x0800470a   0x0800470a   0x000000f8   Code   RO         2297    i.__kernel_poly     m_wm.l(poly.o)
    0x08004802   0x08004802   0x00000006   PAD
    0x08004808   0x08004808   0x00000030   Code   RO         2275    i.__mathlib_dbl_divzero  m_wm.l(dunder.o)
    0x08004838   0x08004838   0x00000014   Code   RO         2277    i.__mathlib_dbl_infnan2  m_wm.l(dunder.o)
    0x0800484c   0x0800484c   0x00000004   PAD
    0x08004850   0x08004850   0x00000020   Code   RO         2278    i.__mathlib_dbl_invalid  m_wm.l(dunder.o)
    0x08004870   0x08004870   0x00000020   Code   RO         2279    i.__mathlib_dbl_overflow  m_wm.l(dunder.o)
    0x08004890   0x08004890   0x00000020   Code   RO         2281    i.__mathlib_dbl_underflow  m_wm.l(dunder.o)
    0x080048b0   0x080048b0   0x0000000e   Code   RO         2346    i.__scatterload_copy  mc_w.l(handlers.o)
    0x080048be   0x080048be   0x00000002   Code   RO         2347    i.__scatterload_null  mc_w.l(handlers.o)
    0x080048c0   0x080048c0   0x0000000e   Code   RO         2348    i.__scatterload_zeroinit  mc_w.l(handlers.o)
    0x080048ce   0x080048ce   0x00000002   PAD
    0x080048d0   0x080048d0   0x0000000c   Code   RO         2322    i.__set_errno       mc_w.l(errno.o)
    0x080048dc   0x080048dc   0x00000044   Code   RO         1840    i.delay_ms          delay.o
    0x08004920   0x08004920   0x00000018   Code   RO         2291    i.fabs              m_wm.l(fabs.o)
    0x08004938   0x08004938   0x00000190   Code   RO           17    i.main              main.o
    0x08004ac8   0x08004ac8   0x0000006e   Code   RO         2244    i.sqrt              m_wm.l(sqrt.o)
    0x08004b36   0x08004b36   0x00000002   PAD
    0x08004b38   0x08004b38   0x00000058   Code   RO         1887    i.uart_init         usart.o
    0x08004b90   0x08004b90   0x00000008   Data   RO         1201    .constdata          stm32f4xx_hal_dma.o
    0x08004b98   0x08004b98   0x00000018   Data   RO         1803    .constdata          system_stm32f4xx.o
    0x08004bb0   0x08004bb0   0x00000088   Data   RO         2231    .constdata          m_wm.l(pow.o)
    0x08004c38   0x08004c38   0x00000008   Data   RO         2299    .constdata          m_wm.l(qnan.o)
    0x08004c40   0x08004c40   0x00000030   Data   RO         2344    Region$$Table       anon$$obj.o


    Execution Region RW_IRAM1 (Exec base: 0x20000000, Load base: 0x08004c70, Size: 0x00007098, Max: 0x00010000, ABSOLUTE)

    Exec Addr    Load Addr    Size         Type   Attr      Idx    E Section Name        Object

    0x20000000   0x08004c70   0x000006fc   Code   RO         2023    RAMCODE             mlx90640_api.o
    0x200006fc   0x0800536c   0x0000000a   Ven    RO         2353    Veneer$$Code        anon$$obj.o
    0x20000706   0x08005376   0x0000000a   Ven    RO         2354    Veneer$$Code        anon$$obj.o
    0x20000710   0x08005380   0x0000000a   Ven    RO         2355    Veneer$$Code        anon$$obj.o
    0x2000071a   0x0800538a   0x0000000a   Ven    RO         2356    Veneer$$Code        anon$$obj.o
    0x20000724   0x08005394   0x0000000a   Ven    RO         2357    Veneer$$Code        anon$$obj.o
    0x2000072e   0x0800539e   0x0000000a   Ven    RO         2358    Veneer$$Code        anon$$obj.o
    0x20000738   0x080053a8   0x0000000a   Ven    RO         2359    Veneer$$Code        anon$$obj.o
    0x20000742   0x080053b2   0x0000000a   Ven    RO         2360    Veneer$$Code        anon$$obj.o
    0x2000074c   0x080053bc   0x00000009   Data   RW         1655    .data               stm32f4xx_hal.o
    0x20000755   0x080053c5   0x00000003   PAD
    0x20000758   0x080053c8   0x00000004   Data   RW         1804    .data               system_stm32f4xx.o
    0x2000075c   0x080053cc   0x00000006   Data   RW         1842    .data               delay.o
    0x20000762   0x080053d2   0x00000002   PAD
    0x20000764   0x080053d4   0x00000006   Data   RW         1935    .data               mlx90640_swi2c_driver.o
    0x2000076a   0x080053da   0x00000002   PAD
    0x2000076c   0x080053dc   0x00000004   Data   RW         2323    .data               mc_w.l(errno.o)
    0x20000770        -       0x00001280   Zero   RW           18    .bss                main.o
    0x200019f0        -       0x000006a8   Zero   RW         1888    .bss                usart.o
    0x20002098        -       0x00005000   Zero   RW            1    STACK               startup_stm32f401xc.o


==============================================================================

Image component sizes


      Code (inc. data)   RO Data    RW Data    ZI Data      Debug   Object Name

       144         16          0          6          0       1818   delay.o
       798         60          0          0       4736     386712   main.o
      6800        248          0          0          0      22829   mlx90640_api.o
      1294         90          0          6          0       8706   mlx90640_swi2c_driver.o
        36          8        404          0      20480        876   startup_stm32f401xc.o
       172         32          0          9          0       4209   stm32f4xx_hal.o
       322         22          0          0          0      32388   stm32f4xx_hal_cortex.o
       860         10          8          0          0       6455   stm32f4xx_hal_dma.o
       792         62          0          0          0       3338   stm32f4xx_hal_gpio.o
       304         32          0          0          0       2431   stm32f4xx_hal_msp.o
      1732         84          0          0          0       5864   stm32f4xx_hal_rcc.o
      1394         22          0          0          0       8671   stm32f4xx_hal_uart.o
        38          0          0          0          0       5060   stm32f4xx_it.o
       100         18         24          4          0       1299   system_stm32f4xx.o
       216         34          0          0       1704       2112   usart.o

    ----------------------------------------------------------------------
     15102        738        484         32      26920     492768   Object Totals
        90          0         48          0          0          0   (incl. Generated)
        10          0          0          7          0          0   (incl. Padding)

    ----------------------------------------------------------------------

      Code (inc. data)   RO Data    RW Data    ZI Data      Debug   Library Member Name

       164         44          0          0          0        620   dunder.o
        24          0          0          0          0        124   fabs.o
        48          0          0          0          0        124   fpclassify.o
       248          0          0          0          0        152   poly.o
      3152        296        136          0          0        352   pow.o
         0          0          8          0          0          0   qnan.o
       232          0          0          0          0        296   sqrt.o
         0          0          0          0          0          0   entry.o
         0          0          0          0          0          0   entry10a.o
         0          0          0          0          0          0   entry11a.o
         8          4          0          0          0          0   entry2.o
         4          0          0          0          0          0   entry5.o
         0          0          0          0          0          0   entry7b.o
         0          0          0          0          0          0   entry8b.o
         8          4          0          0          0          0   entry9a.o
        12          6          0          4          0         68   errno.o
        30          0          0          0          0          0   handlers.o
        36          8          0          0          0         68   init.o
         0          0          0          0          0          0   iusefp.o
        30          0          0          0          0         68   llshl.o
        36          0          0          0          0         68   llsshr.o
        32          0          0          0          0         68   llushr.o
        36          0          0          0          0        108   memseta.o
        98          0          0          0          0         92   uldiv.o
        48          0          0          0          0         68   cdrcmple.o
        56          0          0          0          0         88   d2f.o
       334          0          0          0          0        148   dadd.o
       222          0          0          0          0        100   ddiv.o
       186          0          0          0          0        176   depilogue.o
        34          0          0          0          0         76   dflti.o
        26          0          0          0          0         76   dfltui.o
       228          0          0          0          0         96   dmul.o
        46          0          0          0          0         80   dscalb.o
       162          0          0          0          0        100   dsqrt.o
        38          0          0          0          0         68   f2d.o
       110          0          0          0          0        168   fepilogue.o

    ----------------------------------------------------------------------
      5706        362        144          4          0       3452   Library Totals
        18          0          0          0          0          0   (incl. Padding)

    ----------------------------------------------------------------------

      Code (inc. data)   RO Data    RW Data    ZI Data      Debug   Library Name

      3868        340        144          0          0       1668   m_wm.l
       330         22          0          4          0        540   mc_w.l
      1490          0          0          0          0       1244   mf_w.l

    ----------------------------------------------------------------------
      5706        362        144          4          0       3452   Library Totals

    ----------------------------------------------------------------------

==============================================================================


      Code (inc. data)   RO Data    RW Data    ZI Data      Debug   

     20808       1100        628         36      26920     485492   Grand Totals
     20808       1100        628         36      26920     485492   ELF Image Totals
     20808       1100        628         36          0          0   ROM Totals

==============================================================================

    Total RO  Size (Code + RO Data)                21436 (  20.93kB)
    Total RW  Size (RW Data + ZI Data)             26956 (  26.32kB)
    Total ROM Size (Code + RO Data + RW Data)      21472 (  20.97kB)

==============================================================================

